{"time":"2026-01-08T21:09:31", "level":"INFO", "message":"Không có dòng dữ liệu khớp lệnh cho TBC", "caller":"/mnt/c/Users/Admin/Downloads/Project/Github/ETL_Project/platforms/ingestion/cophieu68/extract/extract_cophieu68.py:211"}
{"time":"2026-01-08T21:09:32", "level":"INFO", "message":"Không có dòng dữ liệu khớp lệnh cho BCG", "caller":"/mnt/c/Users/Admin/Downloads/Project/Github/ETL_Project/platforms/ingestion/cophieu68/extract/extract_cophieu68.py:211"}
{"time":"2026-01-08T21:10:48", "level":"INFO", "message":"Không có dòng dữ liệu khớp lệnh cho TIX", "caller":"/mnt/c/Users/Admin/Downloads/Project/Github/ETL_Project/platforms/ingestion/cophieu68/extract/extract_cophieu68.py:211"}
{"time":"2026-01-08T21:10:50", "level":"INFO", "message":"Không có dòng dữ liệu khớp lệnh cho TTE", "caller":"/mnt/c/Users/Admin/Downloads/Project/Github/ETL_Project/platforms/ingestion/cophieu68/extract/extract_cophieu68.py:211"}
{"time":"2026-01-08T21:10:55", "level":"INFO", "message":"Không có dòng dữ liệu khớp lệnh cho HRC", "caller":"/mnt/c/Users/Admin/Downloads/Project/Github/ETL_Project/platforms/ingestion/cophieu68/extract/extract_cophieu68.py:211"}
{"time":"2026-01-08T21:11:12", "level":"INFO", "message":"Không có dòng dữ liệu khớp lệnh cho VNG", "caller":"/mnt/c/Users/Admin/Downloads/Project/Github/ETL_Project/platforms/ingestion/cophieu68/extract/extract_cophieu68.py:211"}
{"time":"2026-01-08T21:11:31", "level":"INFO", "message":"Không có dòng dữ liệu khớp lệnh cho TCD", "caller":"/mnt/c/Users/Admin/Downloads/Project/Github/ETL_Project/platforms/ingestion/cophieu68/extract/extract_cophieu68.py:211"}
{"time":"2026-01-08T21:11:35", "level":"INFO", "message":"Không có dòng dữ liệu khớp lệnh cho CLW", "caller":"/mnt/c/Users/Admin/Downloads/Project/Github/ETL_Project/platforms/ingestion/cophieu68/extract/extract_cophieu68.py:211"}
{"time":"2026-01-08T21:11:48", "level":"INFO", "message":"Không có dòng dữ liệu khớp lệnh cho BTT", "caller":"/mnt/c/Users/Admin/Downloads/Project/Github/ETL_Project/platforms/ingestion/cophieu68/extract/extract_cophieu68.py:211"}
{"time":"2026-01-08T21:11:52", "level":"INFO", "message":"Không có dòng dữ liệu khớp lệnh cho SSC", "caller":"/mnt/c/Users/Admin/Downloads/Project/Github/ETL_Project/platforms/ingestion/cophieu68/extract/extract_cophieu68.py:211"}
{"time":"2026-01-08T21:12:05", "level":"INFO", "message":"Không có dòng dữ liệu khớp lệnh cho COM", "caller":"/mnt/c/Users/Admin/Downloads/Project/Github/ETL_Project/platforms/ingestion/cophieu68/extract/extract_cophieu68.py:211"}
{"time":"2026-01-08T21:12:09", "level":"INFO", "message":"Không có dòng dữ liệu khớp lệnh cho CCI", "caller":"/mnt/c/Users/Admin/Downloads/Project/Github/ETL_Project/platforms/ingestion/cophieu68/extract/extract_cophieu68.py:211"}
{"time":"2026-01-08T21:12:29", "level":"INFO", "message":"Không có dòng dữ liệu khớp lệnh cho PJT", "caller":"/mnt/c/Users/Admin/Downloads/Project/Github/ETL_Project/platforms/ingestion/cophieu68/extract/extract_cophieu68.py:211"}
{"time":"2026-01-08T21:12:41", "level":"INFO", "message":"Không có dòng dữ liệu khớp lệnh cho SFC", "caller":"/mnt/c/Users/Admin/Downloads/Project/Github/ETL_Project/platforms/ingestion/cophieu68/extract/extract_cophieu68.py:211"}
{"time":"2026-01-08T21:12:43", "level":"INFO", "message":"Không có dòng dữ liệu khớp lệnh cho PSH", "caller":"/mnt/c/Users/Admin/Downloads/Project/Github/ETL_Project/platforms/ingestion/cophieu68/extract/extract_cophieu68.py:211"}
{"time":"2026-01-08T21:12:58", "level":"INFO", "message":"Không có dòng dữ liệu khớp lệnh cho SMA", "caller":"/mnt/c/Users/Admin/Downloads/Project/Github/ETL_Project/platforms/ingestion/cophieu68/extract/extract_cophieu68.py:211"}
{"time":"2026-01-08T21:13:05", "level":"INFO", "message":"Không có dòng dữ liệu khớp lệnh cho CMV", "caller":"/mnt/c/Users/Admin/Downloads/Project/Github/ETL_Project/platforms/ingestion/cophieu68/extract/extract_cophieu68.py:211"}
{"time":"2026-01-08T21:13:07", "level":"INFO", "message":"Không có dòng dữ liệu khớp lệnh cho LEC", "caller":"/mnt/c/Users/Admin/Downloads/Project/Github/ETL_Project/platforms/ingestion/cophieu68/extract/extract_cophieu68.py:211"}
{"time":"2026-01-08T21:13:12", "level":"INFO", "message":"Không có dòng dữ liệu khớp lệnh cho DTT", "caller":"/mnt/c/Users/Admin/Downloads/Project/Github/ETL_Project/platforms/ingestion/cophieu68/extract/extract_cophieu68.py:211"}
{"time":"2026-01-08T21:13:13", "level":"INFO", "message":"Không có dòng dữ liệu khớp lệnh cho PXS", "caller":"/mnt/c/Users/Admin/Downloads/Project/Github/ETL_Project/platforms/ingestion/cophieu68/extract/extract_cophieu68.py:211"}
{"time":"2026-01-08T21:13:14", "level":"INFO", "message":"Không có dòng dữ liệu khớp lệnh cho LM8", "caller":"/mnt/c/Users/Admin/Downloads/Project/Github/ETL_Project/platforms/ingestion/cophieu68/extract/extract_cophieu68.py:211"}
{"time":"2026-01-08T21:13:19", "level":"INFO", "message":"Không có dòng dữ liệu khớp lệnh cho GTA", "caller":"/mnt/c/Users/Admin/Downloads/Project/Github/ETL_Project/platforms/ingestion/cophieu68/extract/extract_cophieu68.py:211"}
{"time":"2026-01-08T21:13:22", "level":"INFO", "message":"Không có dòng dữ liệu khớp lệnh cho KPF", "caller":"/mnt/c/Users/Admin/Downloads/Project/Github/ETL_Project/platforms/ingestion/cophieu68/extract/extract_cophieu68.py:211"}
{"time":"2026-01-08T21:13:24", "level":"INFO", "message":"Không có dòng dữ liệu khớp lệnh cho RDP", "caller":"/mnt/c/Users/Admin/Downloads/Project/Github/ETL_Project/platforms/ingestion/cophieu68/extract/extract_cophieu68.py:211"}
{"time":"2026-01-08T21:13:27", "level":"INFO", "message":"Không có dòng dữ liệu khớp lệnh cho HU1", "caller":"/mnt/c/Users/Admin/Downloads/Project/Github/ETL_Project/platforms/ingestion/cophieu68/extract/extract_cophieu68.py:211"}
{"time":"2026-01-08T21:13:28", "level":"INFO", "message":"Không có dòng dữ liệu khớp lệnh cho PXI", "caller":"/mnt/c/Users/Admin/Downloads/Project/Github/ETL_Project/platforms/ingestion/cophieu68/extract/extract_cophieu68.py:211"}
{"time":"2026-01-08T21:13:30", "level":"INFO", "message":"Không có dòng dữ liệu khớp lệnh cho LCM", "caller":"/mnt/c/Users/Admin/Downloads/Project/Github/ETL_Project/platforms/ingestion/cophieu68/extract/extract_cophieu68.py:211"}
{"time":"2026-01-08T21:13:31", "level":"INFO", "message":"Không có dòng dữ liệu khớp lệnh cho AGM", "caller":"/mnt/c/Users/Admin/Downloads/Project/Github/ETL_Project/platforms/ingestion/cophieu68/extract/extract_cophieu68.py:211"}
{"time":"2026-01-08T21:13:32", "level":"INFO", "message":"Không có dòng dữ liệu khớp lệnh cho FTM", "caller":"/mnt/c/Users/Admin/Downloads/Project/Github/ETL_Project/platforms/ingestion/cophieu68/extract/extract_cophieu68.py:211"}
{"time":"2026-01-08T21:14:21", "level":"INFO", "message":"Hết dữ liệu ở trang 43", "caller":"/mnt/c/Users/Admin/Downloads/Project/Github/ETL_Project/platforms/ingestion/cophieu68/extract/extract_cophieu68.py:499"}
{"time":"2026-01-08T21:27:32", "level":"INFO", "message":"Hết dữ liệu ở trang 43", "caller":"/mnt/c/Users/Admin/Downloads/Project/Github/ETL_Project/platforms/ingestion/cophieu68/extract/extract_cophieu68.py:499"}
{"time":"2026-01-08T21:28:34", "level":"INFO", "message":"Hết dữ liệu ở trang 47", "caller":"/mnt/c/Users/Admin/Downloads/Project/Github/ETL_Project/platforms/ingestion/cophieu68/extract/extract_cophieu68.py:499"}
{"time":"2026-01-08T21:29:02", "level":"INFO", "message":"Hết dữ liệu ở trang 21", "caller":"/mnt/c/Users/Admin/Downloads/Project/Github/ETL_Project/platforms/ingestion/cophieu68/extract/extract_cophieu68.py:499"}
{"time":"2026-01-08T21:29:41", "level":"INFO", "message":"Hết dữ liệu ở trang 43", "caller":"/mnt/c/Users/Admin/Downloads/Project/Github/ETL_Project/platforms/ingestion/cophieu68/extract/extract_cophieu68.py:499"}
{"time":"2026-01-08T21:30:06", "level":"INFO", "message":"Hết dữ liệu ở trang 31", "caller":"/mnt/c/Users/Admin/Downloads/Project/Github/ETL_Project/platforms/ingestion/cophieu68/extract/extract_cophieu68.py:499"}
{"time":"2026-01-08T21:30:24", "level":"INFO", "message":"Hết dữ liệu ở trang 21", "caller":"/mnt/c/Users/Admin/Downloads/Project/Github/ETL_Project/platforms/ingestion/cophieu68/extract/extract_cophieu68.py:499"}
{"time":"2026-01-08T21:31:07", "level":"INFO", "message":"Hết dữ liệu ở trang 47", "caller":"/mnt/c/Users/Admin/Downloads/Project/Github/ETL_Project/platforms/ingestion/cophieu68/extract/extract_cophieu68.py:499"}
{"time":"2026-01-08T21:31:49", "level":"INFO", "message":"Hết dữ liệu ở trang 49", "caller":"/mnt/c/Users/Admin/Downloads/Project/Github/ETL_Project/platforms/ingestion/cophieu68/extract/extract_cophieu68.py:499"}
{"time":"2026-01-08T21:32:20", "level":"INFO", "message":"Hết dữ liệu ở trang 36", "caller":"/mnt/c/Users/Admin/Downloads/Project/Github/ETL_Project/platforms/ingestion/cophieu68/extract/extract_cophieu68.py:499"}
{"time":"2026-01-08T21:32:38", "level":"INFO", "message":"Hết dữ liệu ở trang 22", "caller":"/mnt/c/Users/Admin/Downloads/Project/Github/ETL_Project/platforms/ingestion/cophieu68/extract/extract_cophieu68.py:499"}
{"time":"2026-01-08T21:33:09", "level":"INFO", "message":"Hết dữ liệu ở trang 37", "caller":"/mnt/c/Users/Admin/Downloads/Project/Github/ETL_Project/platforms/ingestion/cophieu68/extract/extract_cophieu68.py:499"}
{"time":"2026-01-08T21:33:52", "level":"INFO", "message":"Hết dữ liệu ở trang 51", "caller":"/mnt/c/Users/Admin/Downloads/Project/Github/ETL_Project/platforms/ingestion/cophieu68/extract/extract_cophieu68.py:499"}
{"time":"2026-01-08T21:34:35", "level":"INFO", "message":"Hết dữ liệu ở trang 49", "caller":"/mnt/c/Users/Admin/Downloads/Project/Github/ETL_Project/platforms/ingestion/cophieu68/extract/extract_cophieu68.py:499"}
{"time":"2026-01-08T21:34:54", "level":"INFO", "message":"Hết dữ liệu ở trang 21", "caller":"/mnt/c/Users/Admin/Downloads/Project/Github/ETL_Project/platforms/ingestion/cophieu68/extract/extract_cophieu68.py:499"}
{"time":"2026-01-08T21:35:20", "level":"INFO", "message":"Hết dữ liệu ở trang 30", "caller":"/mnt/c/Users/Admin/Downloads/Project/Github/ETL_Project/platforms/ingestion/cophieu68/extract/extract_cophieu68.py:499"}
{"time":"2026-01-08T21:35:57", "level":"INFO", "message":"Hết dữ liệu ở trang 42", "caller":"/mnt/c/Users/Admin/Downloads/Project/Github/ETL_Project/platforms/ingestion/cophieu68/extract/extract_cophieu68.py:499"}
{"time":"2026-01-08T21:36:17", "level":"INFO", "message":"Hết dữ liệu ở trang 22", "caller":"/mnt/c/Users/Admin/Downloads/Project/Github/ETL_Project/platforms/ingestion/cophieu68/extract/extract_cophieu68.py:499"}
{"time":"2026-01-08T21:36:36", "level":"INFO", "message":"Hết dữ liệu ở trang 24", "caller":"/mnt/c/Users/Admin/Downloads/Project/Github/ETL_Project/platforms/ingestion/cophieu68/extract/extract_cophieu68.py:499"}
{"time":"2026-01-08T21:37:19", "level":"INFO", "message":"Hết dữ liệu ở trang 50", "caller":"/mnt/c/Users/Admin/Downloads/Project/Github/ETL_Project/platforms/ingestion/cophieu68/extract/extract_cophieu68.py:499"}
{"time":"2026-01-08T21:37:39", "level":"INFO", "message":"Hết dữ liệu ở trang 24", "caller":"/mnt/c/Users/Admin/Downloads/Project/Github/ETL_Project/platforms/ingestion/cophieu68/extract/extract_cophieu68.py:499"}
{"time":"2026-01-08T21:37:57", "level":"INFO", "message":"Hết dữ liệu ở trang 21", "caller":"/mnt/c/Users/Admin/Downloads/Project/Github/ETL_Project/platforms/ingestion/cophieu68/extract/extract_cophieu68.py:499"}
{"time":"2026-01-08T21:38:14", "level":"INFO", "message":"Hết dữ liệu ở trang 21", "caller":"/mnt/c/Users/Admin/Downloads/Project/Github/ETL_Project/platforms/ingestion/cophieu68/extract/extract_cophieu68.py:499"}
{"time":"2026-01-08T21:38:32", "level":"INFO", "message":"Hết dữ liệu ở trang 22", "caller":"/mnt/c/Users/Admin/Downloads/Project/Github/ETL_Project/platforms/ingestion/cophieu68/extract/extract_cophieu68.py:499"}
{"time":"2026-01-08T21:38:51", "level":"INFO", "message":"Hết dữ liệu ở trang 24", "caller":"/mnt/c/Users/Admin/Downloads/Project/Github/ETL_Project/platforms/ingestion/cophieu68/extract/extract_cophieu68.py:499"}
{"time":"2026-01-08T21:39:02", "level":"INFO", "message":"Hết dữ liệu ở trang 13", "caller":"/mnt/c/Users/Admin/Downloads/Project/Github/ETL_Project/platforms/ingestion/cophieu68/extract/extract_cophieu68.py:499"}
{"time":"2026-01-08T21:39:42", "level":"INFO", "message":"Hết dữ liệu ở trang 47", "caller":"/mnt/c/Users/Admin/Downloads/Project/Github/ETL_Project/platforms/ingestion/cophieu68/extract/extract_cophieu68.py:499"}
{"time":"2026-01-08T21:40:24", "level":"INFO", "message":"Hết dữ liệu ở trang 49", "caller":"/mnt/c/Users/Admin/Downloads/Project/Github/ETL_Project/platforms/ingestion/cophieu68/extract/extract_cophieu68.py:499"}
{"time":"2026-01-08T21:40:44", "level":"INFO", "message":"Hết dữ liệu ở trang 24", "caller":"/mnt/c/Users/Admin/Downloads/Project/Github/ETL_Project/platforms/ingestion/cophieu68/extract/extract_cophieu68.py:499"}
{"time":"2026-01-08T21:41:03", "level":"INFO", "message":"Hết dữ liệu ở trang 23", "caller":"/mnt/c/Users/Admin/Downloads/Project/Github/ETL_Project/platforms/ingestion/cophieu68/extract/extract_cophieu68.py:499"}
{"time":"2026-01-08T21:41:39", "level":"INFO", "message":"Hết dữ liệu ở trang 43", "caller":"/mnt/c/Users/Admin/Downloads/Project/Github/ETL_Project/platforms/ingestion/cophieu68/extract/extract_cophieu68.py:499"}
{"time":"2026-01-08T21:42:04", "level":"INFO", "message":"Hết dữ liệu ở trang 30", "caller":"/mnt/c/Users/Admin/Downloads/Project/Github/ETL_Project/platforms/ingestion/cophieu68/extract/extract_cophieu68.py:499"}
{"time":"2026-01-08T21:42:39", "level":"INFO", "message":"Hết dữ liệu ở trang 42", "caller":"/mnt/c/Users/Admin/Downloads/Project/Github/ETL_Project/platforms/ingestion/cophieu68/extract/extract_cophieu68.py:499"}
{"time":"2026-01-08T21:43:33", "level":"INFO", "message":"Hết dữ liệu ở trang 63", "caller":"/mnt/c/Users/Admin/Downloads/Project/Github/ETL_Project/platforms/ingestion/cophieu68/extract/extract_cophieu68.py:499"}
{"time":"2026-01-08T21:43:50", "level":"INFO", "message":"Hết dữ liệu ở trang 21", "caller":"/mnt/c/Users/Admin/Downloads/Project/Github/ETL_Project/platforms/ingestion/cophieu68/extract/extract_cophieu68.py:499"}
{"time":"2026-01-08T21:44:07", "level":"INFO", "message":"Hết dữ liệu ở trang 21", "caller":"/mnt/c/Users/Admin/Downloads/Project/Github/ETL_Project/platforms/ingestion/cophieu68/extract/extract_cophieu68.py:499"}
{"time":"2026-01-08T21:44:42", "level":"INFO", "message":"Hết dữ liệu ở trang 41", "caller":"/mnt/c/Users/Admin/Downloads/Project/Github/ETL_Project/platforms/ingestion/cophieu68/extract/extract_cophieu68.py:499"}
{"time":"2026-01-08T21:45:00", "level":"INFO", "message":"Hết dữ liệu ở trang 23", "caller":"/mnt/c/Users/Admin/Downloads/Project/Github/ETL_Project/platforms/ingestion/cophieu68/extract/extract_cophieu68.py:499"}
{"time":"2026-01-08T21:45:22", "level":"INFO", "message":"Hết dữ liệu ở trang 27", "caller":"/mnt/c/Users/Admin/Downloads/Project/Github/ETL_Project/platforms/ingestion/cophieu68/extract/extract_cophieu68.py:499"}
{"time":"2026-01-08T21:45:42", "level":"INFO", "message":"Hết dữ liệu ở trang 24", "caller":"/mnt/c/Users/Admin/Downloads/Project/Github/ETL_Project/platforms/ingestion/cophieu68/extract/extract_cophieu68.py:499"}
{"time":"2026-01-08T21:46:21", "level":"INFO", "message":"Hết dữ liệu ở trang 47", "caller":"/mnt/c/Users/Admin/Downloads/Project/Github/ETL_Project/platforms/ingestion/cophieu68/extract/extract_cophieu68.py:499"}
{"time":"2026-01-08T21:46:39", "level":"INFO", "message":"Hết dữ liệu ở trang 21", "caller":"/mnt/c/Users/Admin/Downloads/Project/Github/ETL_Project/platforms/ingestion/cophieu68/extract/extract_cophieu68.py:499"}
{"time":"2026-01-08T21:46:50", "level":"INFO", "message":"Hết dữ liệu ở trang 14", "caller":"/mnt/c/Users/Admin/Downloads/Project/Github/ETL_Project/platforms/ingestion/cophieu68/extract/extract_cophieu68.py:499"}
{"time":"2026-01-08T21:47:25", "level":"INFO", "message":"Hết dữ liệu ở trang 41", "caller":"/mnt/c/Users/Admin/Downloads/Project/Github/ETL_Project/platforms/ingestion/cophieu68/extract/extract_cophieu68.py:499"}
{"time":"2026-01-08T21:47:36", "level":"INFO", "message":"Hết dữ liệu ở trang 14", "caller":"/mnt/c/Users/Admin/Downloads/Project/Github/ETL_Project/platforms/ingestion/cophieu68/extract/extract_cophieu68.py:499"}
{"time":"2026-01-08T21:48:28", "level":"INFO", "message":"Hết dữ liệu ở trang 61", "caller":"/mnt/c/Users/Admin/Downloads/Project/Github/ETL_Project/platforms/ingestion/cophieu68/extract/extract_cophieu68.py:499"}
{"time":"2026-01-08T21:49:05", "level":"INFO", "message":"Hết dữ liệu ở trang 43", "caller":"/mnt/c/Users/Admin/Downloads/Project/Github/ETL_Project/platforms/ingestion/cophieu68/extract/extract_cophieu68.py:499"}
{"time":"2026-01-08T21:49:44", "level":"INFO", "message":"Hết dữ liệu ở trang 46", "caller":"/mnt/c/Users/Admin/Downloads/Project/Github/ETL_Project/platforms/ingestion/cophieu68/extract/extract_cophieu68.py:499"}
{"time":"2026-01-08T21:50:07", "level":"INFO", "message":"Hết dữ liệu ở trang 27", "caller":"/mnt/c/Users/Admin/Downloads/Project/Github/ETL_Project/platforms/ingestion/cophieu68/extract/extract_cophieu68.py:499"}
{"time":"2026-01-08T21:50:30", "level":"INFO", "message":"Hết dữ liệu ở trang 28", "caller":"/mnt/c/Users/Admin/Downloads/Project/Github/ETL_Project/platforms/ingestion/cophieu68/extract/extract_cophieu68.py:499"}
{"time":"2026-01-08T21:51:05", "level":"INFO", "message":"Hết dữ liệu ở trang 42", "caller":"/mnt/c/Users/Admin/Downloads/Project/Github/ETL_Project/platforms/ingestion/cophieu68/extract/extract_cophieu68.py:499"}
{"time":"2026-01-08T21:51:49", "level":"INFO", "message":"Hết dữ liệu ở trang 52", "caller":"/mnt/c/Users/Admin/Downloads/Project/Github/ETL_Project/platforms/ingestion/cophieu68/extract/extract_cophieu68.py:499"}
{"time":"2026-01-08T21:52:07", "level":"INFO", "message":"Hết dữ liệu ở trang 22", "caller":"/mnt/c/Users/Admin/Downloads/Project/Github/ETL_Project/platforms/ingestion/cophieu68/extract/extract_cophieu68.py:499"}
{"time":"2026-01-08T21:52:40", "level":"INFO", "message":"Hết dữ liệu ở trang 40", "caller":"/mnt/c/Users/Admin/Downloads/Project/Github/ETL_Project/platforms/ingestion/cophieu68/extract/extract_cophieu68.py:499"}
{"time":"2026-01-08T21:53:18", "level":"INFO", "message":"Hết dữ liệu ở trang 44", "caller":"/mnt/c/Users/Admin/Downloads/Project/Github/ETL_Project/platforms/ingestion/cophieu68/extract/extract_cophieu68.py:499"}
{"time":"2026-01-08T21:54:00", "level":"INFO", "message":"Hết dữ liệu ở trang 49", "caller":"/mnt/c/Users/Admin/Downloads/Project/Github/ETL_Project/platforms/ingestion/cophieu68/extract/extract_cophieu68.py:499"}
{"time":"2026-01-08T21:54:40", "level":"INFO", "message":"Hết dữ liệu ở trang 47", "caller":"/mnt/c/Users/Admin/Downloads/Project/Github/ETL_Project/platforms/ingestion/cophieu68/extract/extract_cophieu68.py:499"}
{"time":"2026-01-08T21:55:19", "level":"INFO", "message":"Hết dữ liệu ở trang 46", "caller":"/mnt/c/Users/Admin/Downloads/Project/Github/ETL_Project/platforms/ingestion/cophieu68/extract/extract_cophieu68.py:499"}
{"time":"2026-01-08T21:55:56", "level":"INFO", "message":"Hết dữ liệu ở trang 45", "caller":"/mnt/c/Users/Admin/Downloads/Project/Github/ETL_Project/platforms/ingestion/cophieu68/extract/extract_cophieu68.py:499"}
{"time":"2026-01-08T21:56:38", "level":"INFO", "message":"Hết dữ liệu ở trang 49", "caller":"/mnt/c/Users/Admin/Downloads/Project/Github/ETL_Project/platforms/ingestion/cophieu68/extract/extract_cophieu68.py:499"}
{"time":"2026-01-08T21:57:21", "level":"INFO", "message":"Hết dữ liệu ở trang 52", "caller":"/mnt/c/Users/Admin/Downloads/Project/Github/ETL_Project/platforms/ingestion/cophieu68/extract/extract_cophieu68.py:499"}
{"time":"2026-01-08T21:57:48", "level":"INFO", "message":"Hết dữ liệu ở trang 33", "caller":"/mnt/c/Users/Admin/Downloads/Project/Github/ETL_Project/platforms/ingestion/cophieu68/extract/extract_cophieu68.py:499"}
{"time":"2026-01-08T21:58:08", "level":"INFO", "message":"Hết dữ liệu ở trang 25", "caller":"/mnt/c/Users/Admin/Downloads/Project/Github/ETL_Project/platforms/ingestion/cophieu68/extract/extract_cophieu68.py:499"}
{"time":"2026-01-08T21:58:51", "level":"INFO", "message":"Hết dữ liệu ở trang 50", "caller":"/mnt/c/Users/Admin/Downloads/Project/Github/ETL_Project/platforms/ingestion/cophieu68/extract/extract_cophieu68.py:499"}
{"time":"2026-01-08T21:59:32", "level":"INFO", "message":"Hết dữ liệu ở trang 47", "caller":"/mnt/c/Users/Admin/Downloads/Project/Github/ETL_Project/platforms/ingestion/cophieu68/extract/extract_cophieu68.py:499"}
{"time":"2026-01-08T21:59:51", "level":"INFO", "message":"Hết dữ liệu ở trang 23", "caller":"/mnt/c/Users/Admin/Downloads/Project/Github/ETL_Project/platforms/ingestion/cophieu68/extract/extract_cophieu68.py:499"}
{"time":"2026-01-08T22:00:10", "level":"INFO", "message":"Hết dữ liệu ở trang 24", "caller":"/mnt/c/Users/Admin/Downloads/Project/Github/ETL_Project/platforms/ingestion/cophieu68/extract/extract_cophieu68.py:499"}
{"time":"2026-01-08T22:00:45", "level":"INFO", "message":"Hết dữ liệu ở trang 42", "caller":"/mnt/c/Users/Admin/Downloads/Project/Github/ETL_Project/platforms/ingestion/cophieu68/extract/extract_cophieu68.py:499"}
{"time":"2026-01-08T22:01:26", "level":"INFO", "message":"Hết dữ liệu ở trang 49", "caller":"/mnt/c/Users/Admin/Downloads/Project/Github/ETL_Project/platforms/ingestion/cophieu68/extract/extract_cophieu68.py:499"}
{"time":"2026-01-08T22:02:08", "level":"INFO", "message":"Hết dữ liệu ở trang 50", "caller":"/mnt/c/Users/Admin/Downloads/Project/Github/ETL_Project/platforms/ingestion/cophieu68/extract/extract_cophieu68.py:499"}
{"time":"2026-01-08T22:02:40", "level":"INFO", "message":"Hết dữ liệu ở trang 38", "caller":"/mnt/c/Users/Admin/Downloads/Project/Github/ETL_Project/platforms/ingestion/cophieu68/extract/extract_cophieu68.py:499"}
{"time":"2026-01-08T22:03:15", "level":"INFO", "message":"Hết dữ liệu ở trang 42", "caller":"/mnt/c/Users/Admin/Downloads/Project/Github/ETL_Project/platforms/ingestion/cophieu68/extract/extract_cophieu68.py:499"}
{"time":"2026-01-08T22:03:56", "level":"INFO", "message":"Hết dữ liệu ở trang 46", "caller":"/mnt/c/Users/Admin/Downloads/Project/Github/ETL_Project/platforms/ingestion/cophieu68/extract/extract_cophieu68.py:499"}
{"time":"2026-01-08T22:04:34", "level":"INFO", "message":"Hết dữ liệu ở trang 44", "caller":"/mnt/c/Users/Admin/Downloads/Project/Github/ETL_Project/platforms/ingestion/cophieu68/extract/extract_cophieu68.py:499"}
{"time":"2026-01-08T22:04:52", "level":"INFO", "message":"Hết dữ liệu ở trang 22", "caller":"/mnt/c/Users/Admin/Downloads/Project/Github/ETL_Project/platforms/ingestion/cophieu68/extract/extract_cophieu68.py:499"}
{"time":"2026-01-08T22:05:13", "level":"INFO", "message":"Hết dữ liệu ở trang 24", "caller":"/mnt/c/Users/Admin/Downloads/Project/Github/ETL_Project/platforms/ingestion/cophieu68/extract/extract_cophieu68.py:499"}
{"time":"2026-01-08T22:05:23", "level":"INFO", "message":"Hết dữ liệu ở trang 12", "caller":"/mnt/c/Users/Admin/Downloads/Project/Github/ETL_Project/platforms/ingestion/cophieu68/extract/extract_cophieu68.py:499"}
{"time":"2026-01-08T22:05:57", "level":"INFO", "message":"Hết dữ liệu ở trang 41", "caller":"/mnt/c/Users/Admin/Downloads/Project/Github/ETL_Project/platforms/ingestion/cophieu68/extract/extract_cophieu68.py:499"}
{"time":"2026-01-08T22:06:20", "level":"INFO", "message":"Hết dữ liệu ở trang 29", "caller":"/mnt/c/Users/Admin/Downloads/Project/Github/ETL_Project/platforms/ingestion/cophieu68/extract/extract_cophieu68.py:499"}
{"time":"2026-01-08T22:06:57", "level":"INFO", "message":"Hết dữ liệu ở trang 41", "caller":"/mnt/c/Users/Admin/Downloads/Project/Github/ETL_Project/platforms/ingestion/cophieu68/extract/extract_cophieu68.py:499"}
{"time":"2026-01-08T22:07:17", "level":"INFO", "message":"Hết dữ liệu ở trang 24", "caller":"/mnt/c/Users/Admin/Downloads/Project/Github/ETL_Project/platforms/ingestion/cophieu68/extract/extract_cophieu68.py:499"}
{"time":"2026-01-08T22:08:00", "level":"INFO", "message":"Hết dữ liệu ở trang 47", "caller":"/mnt/c/Users/Admin/Downloads/Project/Github/ETL_Project/platforms/ingestion/cophieu68/extract/extract_cophieu68.py:499"}
{"time":"2026-01-08T22:08:38", "level":"INFO", "message":"Hết dữ liệu ở trang 39", "caller":"/mnt/c/Users/Admin/Downloads/Project/Github/ETL_Project/platforms/ingestion/cophieu68/extract/extract_cophieu68.py:499"}
{"time":"2026-01-08T22:09:25", "level":"INFO", "message":"Hết dữ liệu ở trang 28", "caller":"/mnt/c/Users/Admin/Downloads/Project/Github/ETL_Project/platforms/ingestion/cophieu68/extract/extract_cophieu68.py:499"}
{"time":"2026-01-08T22:10:33", "level":"INFO", "message":"Hết dữ liệu ở trang 63", "caller":"/mnt/c/Users/Admin/Downloads/Project/Github/ETL_Project/platforms/ingestion/cophieu68/extract/extract_cophieu68.py:499"}
{"time":"2026-01-08T22:11:19", "level":"INFO", "message":"Hết dữ liệu ở trang 41", "caller":"/mnt/c/Users/Admin/Downloads/Project/Github/ETL_Project/platforms/ingestion/cophieu68/extract/extract_cophieu68.py:499"}
{"time":"2026-01-08T22:11:45", "level":"INFO", "message":"Hết dữ liệu ở trang 28", "caller":"/mnt/c/Users/Admin/Downloads/Project/Github/ETL_Project/platforms/ingestion/cophieu68/extract/extract_cophieu68.py:499"}
{"time":"2026-01-08T22:12:34", "level":"INFO", "message":"Hết dữ liệu ở trang 49", "caller":"/mnt/c/Users/Admin/Downloads/Project/Github/ETL_Project/platforms/ingestion/cophieu68/extract/extract_cophieu68.py:499"}
{"time":"2026-01-08T22:13:28", "level":"INFO", "message":"Hết dữ liệu ở trang 46", "caller":"/mnt/c/Users/Admin/Downloads/Project/Github/ETL_Project/platforms/ingestion/cophieu68/extract/extract_cophieu68.py:499"}
{"time":"2026-01-08T22:14:08", "level":"INFO", "message":"Hết dữ liệu ở trang 43", "caller":"/mnt/c/Users/Admin/Downloads/Project/Github/ETL_Project/platforms/ingestion/cophieu68/extract/extract_cophieu68.py:499"}
{"time":"2026-01-08T22:14:32", "level":"INFO", "message":"Hết dữ liệu ở trang 26", "caller":"/mnt/c/Users/Admin/Downloads/Project/Github/ETL_Project/platforms/ingestion/cophieu68/extract/extract_cophieu68.py:499"}
{"time":"2026-01-08T22:14:53", "level":"INFO", "message":"Hết dữ liệu ở trang 23", "caller":"/mnt/c/Users/Admin/Downloads/Project/Github/ETL_Project/platforms/ingestion/cophieu68/extract/extract_cophieu68.py:499"}
{"time":"2026-01-08T22:15:25", "level":"INFO", "message":"Hết dữ liệu ở trang 19", "caller":"/mnt/c/Users/Admin/Downloads/Project/Github/ETL_Project/platforms/ingestion/cophieu68/extract/extract_cophieu68.py:499"}
{"time":"2026-01-08T22:15:53", "level":"INFO", "message":"Hết dữ liệu ở trang 24", "caller":"/mnt/c/Users/Admin/Downloads/Project/Github/ETL_Project/platforms/ingestion/cophieu68/extract/extract_cophieu68.py:499"}
{"time":"2026-01-08T22:16:34", "level":"INFO", "message":"Hết dữ liệu ở trang 39", "caller":"/mnt/c/Users/Admin/Downloads/Project/Github/ETL_Project/platforms/ingestion/cophieu68/extract/extract_cophieu68.py:499"}
{"time":"2026-01-08T22:17:08", "level":"INFO", "message":"Hết dữ liệu ở trang 41", "caller":"/mnt/c/Users/Admin/Downloads/Project/Github/ETL_Project/platforms/ingestion/cophieu68/extract/extract_cophieu68.py:499"}
{"time":"2026-01-08T22:17:49", "level":"INFO", "message":"Hết dữ liệu ở trang 49", "caller":"/mnt/c/Users/Admin/Downloads/Project/Github/ETL_Project/platforms/ingestion/cophieu68/extract/extract_cophieu68.py:499"}
{"time":"2026-01-08T22:18:22", "level":"INFO", "message":"Hết dữ liệu ở trang 41", "caller":"/mnt/c/Users/Admin/Downloads/Project/Github/ETL_Project/platforms/ingestion/cophieu68/extract/extract_cophieu68.py:499"}
{"time":"2026-01-08T22:18:58", "level":"INFO", "message":"Hết dữ liệu ở trang 43", "caller":"/mnt/c/Users/Admin/Downloads/Project/Github/ETL_Project/platforms/ingestion/cophieu68/extract/extract_cophieu68.py:499"}
{"time":"2026-01-08T22:19:33", "level":"INFO", "message":"Hết dữ liệu ở trang 43", "caller":"/mnt/c/Users/Admin/Downloads/Project/Github/ETL_Project/platforms/ingestion/cophieu68/extract/extract_cophieu68.py:499"}
{"time":"2026-01-08T22:19:52", "level":"INFO", "message":"Hết dữ liệu ở trang 24", "caller":"/mnt/c/Users/Admin/Downloads/Project/Github/ETL_Project/platforms/ingestion/cophieu68/extract/extract_cophieu68.py:499"}
{"time":"2026-01-08T22:20:23", "level":"INFO", "message":"Hết dữ liệu ở trang 39", "caller":"/mnt/c/Users/Admin/Downloads/Project/Github/ETL_Project/platforms/ingestion/cophieu68/extract/extract_cophieu68.py:499"}
{"time":"2026-01-08T22:20:57", "level":"INFO", "message":"Hết dữ liệu ở trang 41", "caller":"/mnt/c/Users/Admin/Downloads/Project/Github/ETL_Project/platforms/ingestion/cophieu68/extract/extract_cophieu68.py:499"}
{"time":"2026-01-08T22:21:26", "level":"INFO", "message":"Hết dữ liệu ở trang 36", "caller":"/mnt/c/Users/Admin/Downloads/Project/Github/ETL_Project/platforms/ingestion/cophieu68/extract/extract_cophieu68.py:499"}
{"time":"2026-01-08T22:22:00", "level":"INFO", "message":"Hết dữ liệu ở trang 41", "caller":"/mnt/c/Users/Admin/Downloads/Project/Github/ETL_Project/platforms/ingestion/cophieu68/extract/extract_cophieu68.py:499"}
{"time":"2026-01-08T22:22:38", "level":"INFO", "message":"Hết dữ liệu ở trang 47", "caller":"/mnt/c/Users/Admin/Downloads/Project/Github/ETL_Project/platforms/ingestion/cophieu68/extract/extract_cophieu68.py:499"}
{"time":"2026-01-08T22:23:08", "level":"INFO", "message":"Hết dữ liệu ở trang 37", "caller":"/mnt/c/Users/Admin/Downloads/Project/Github/ETL_Project/platforms/ingestion/cophieu68/extract/extract_cophieu68.py:499"}
{"time":"2026-01-08T22:23:46", "level":"INFO", "message":"Hết dữ liệu ở trang 47", "caller":"/mnt/c/Users/Admin/Downloads/Project/Github/ETL_Project/platforms/ingestion/cophieu68/extract/extract_cophieu68.py:499"}
{"time":"2026-01-08T22:24:24", "level":"INFO", "message":"Hết dữ liệu ở trang 47", "caller":"/mnt/c/Users/Admin/Downloads/Project/Github/ETL_Project/platforms/ingestion/cophieu68/extract/extract_cophieu68.py:499"}
{"time":"2026-01-08T22:25:06", "level":"INFO", "message":"Hết dữ liệu ở trang 51", "caller":"/mnt/c/Users/Admin/Downloads/Project/Github/ETL_Project/platforms/ingestion/cophieu68/extract/extract_cophieu68.py:499"}
{"time":"2026-01-08T22:25:47", "level":"INFO", "message":"Hết dữ liệu ở trang 50", "caller":"/mnt/c/Users/Admin/Downloads/Project/Github/ETL_Project/platforms/ingestion/cophieu68/extract/extract_cophieu68.py:499"}
{"time":"2026-01-08T22:26:11", "level":"INFO", "message":"Hết dữ liệu ở trang 29", "caller":"/mnt/c/Users/Admin/Downloads/Project/Github/ETL_Project/platforms/ingestion/cophieu68/extract/extract_cophieu68.py:499"}
{"time":"2026-01-08T22:26:21", "level":"INFO", "message":"Hết dữ liệu ở trang 13", "caller":"/mnt/c/Users/Admin/Downloads/Project/Github/ETL_Project/platforms/ingestion/cophieu68/extract/extract_cophieu68.py:499"}
{"time":"2026-01-08T22:26:57", "level":"INFO", "message":"Hết dữ liệu ở trang 40", "caller":"/mnt/c/Users/Admin/Downloads/Project/Github/ETL_Project/platforms/ingestion/cophieu68/extract/extract_cophieu68.py:499"}
{"time":"2026-01-08T22:27:13", "level":"INFO", "message":"Hết dữ liệu ở trang 19", "caller":"/mnt/c/Users/Admin/Downloads/Project/Github/ETL_Project/platforms/ingestion/cophieu68/extract/extract_cophieu68.py:499"}
{"time":"2026-01-08T22:27:50", "level":"INFO", "message":"Hết dữ liệu ở trang 43", "caller":"/mnt/c/Users/Admin/Downloads/Project/Github/ETL_Project/platforms/ingestion/cophieu68/extract/extract_cophieu68.py:499"}
{"time":"2026-01-08T22:28:05", "level":"INFO", "message":"Hết dữ liệu ở trang 20", "caller":"/mnt/c/Users/Admin/Downloads/Project/Github/ETL_Project/platforms/ingestion/cophieu68/extract/extract_cophieu68.py:499"}
{"time":"2026-01-08T22:28:36", "level":"INFO", "message":"Hết dữ liệu ở trang 38", "caller":"/mnt/c/Users/Admin/Downloads/Project/Github/ETL_Project/platforms/ingestion/cophieu68/extract/extract_cophieu68.py:499"}
{"time":"2026-01-08T22:28:58", "level":"INFO", "message":"Hết dữ liệu ở trang 24", "caller":"/mnt/c/Users/Admin/Downloads/Project/Github/ETL_Project/platforms/ingestion/cophieu68/extract/extract_cophieu68.py:499"}
{"time":"2026-01-08T22:29:20", "level":"INFO", "message":"Hết dữ liệu ở trang 23", "caller":"/mnt/c/Users/Admin/Downloads/Project/Github/ETL_Project/platforms/ingestion/cophieu68/extract/extract_cophieu68.py:499"}
{"time":"2026-01-08T22:29:57", "level":"INFO", "message":"Hết dữ liệu ở trang 41", "caller":"/mnt/c/Users/Admin/Downloads/Project/Github/ETL_Project/platforms/ingestion/cophieu68/extract/extract_cophieu68.py:499"}
{"time":"2026-01-08T22:30:36", "level":"INFO", "message":"Hết dữ liệu ở trang 47", "caller":"/mnt/c/Users/Admin/Downloads/Project/Github/ETL_Project/platforms/ingestion/cophieu68/extract/extract_cophieu68.py:499"}
{"time":"2026-01-08T22:31:09", "level":"INFO", "message":"Hết dữ liệu ở trang 42", "caller":"/mnt/c/Users/Admin/Downloads/Project/Github/ETL_Project/platforms/ingestion/cophieu68/extract/extract_cophieu68.py:499"}
{"time":"2026-01-08T22:31:44", "level":"INFO", "message":"Hết dữ liệu ở trang 42", "caller":"/mnt/c/Users/Admin/Downloads/Project/Github/ETL_Project/platforms/ingestion/cophieu68/extract/extract_cophieu68.py:499"}
{"time":"2026-01-08T22:32:22", "level":"INFO", "message":"Hết dữ liệu ở trang 47", "caller":"/mnt/c/Users/Admin/Downloads/Project/Github/ETL_Project/platforms/ingestion/cophieu68/extract/extract_cophieu68.py:499"}
{"time":"2026-01-08T22:32:59", "level":"INFO", "message":"Hết dữ liệu ở trang 44", "caller":"/mnt/c/Users/Admin/Downloads/Project/Github/ETL_Project/platforms/ingestion/cophieu68/extract/extract_cophieu68.py:499"}
{"time":"2026-01-08T22:33:31", "level":"INFO", "message":"Hết dữ liệu ở trang 40", "caller":"/mnt/c/Users/Admin/Downloads/Project/Github/ETL_Project/platforms/ingestion/cophieu68/extract/extract_cophieu68.py:499"}
{"time":"2026-01-08T22:33:46", "level":"INFO", "message":"Hết dữ liệu ở trang 19", "caller":"/mnt/c/Users/Admin/Downloads/Project/Github/ETL_Project/platforms/ingestion/cophieu68/extract/extract_cophieu68.py:499"}
{"time":"2026-01-08T22:34:20", "level":"INFO", "message":"Hết dữ liệu ở trang 42", "caller":"/mnt/c/Users/Admin/Downloads/Project/Github/ETL_Project/platforms/ingestion/cophieu68/extract/extract_cophieu68.py:499"}
{"time":"2026-01-08T22:34:44", "level":"INFO", "message":"Hết dữ liệu ở trang 29", "caller":"/mnt/c/Users/Admin/Downloads/Project/Github/ETL_Project/platforms/ingestion/cophieu68/extract/extract_cophieu68.py:499"}
{"time":"2026-01-08T22:35:25", "level":"INFO", "message":"Hết dữ liệu ở trang 49", "caller":"/mnt/c/Users/Admin/Downloads/Project/Github/ETL_Project/platforms/ingestion/cophieu68/extract/extract_cophieu68.py:499"}
{"time":"2026-01-08T22:35:41", "level":"INFO", "message":"Hết dữ liệu ở trang 21", "caller":"/mnt/c/Users/Admin/Downloads/Project/Github/ETL_Project/platforms/ingestion/cophieu68/extract/extract_cophieu68.py:499"}
{"time":"2026-01-08T22:36:14", "level":"INFO", "message":"Hết dữ liệu ở trang 40", "caller":"/mnt/c/Users/Admin/Downloads/Project/Github/ETL_Project/platforms/ingestion/cophieu68/extract/extract_cophieu68.py:499"}
{"time":"2026-01-08T22:36:48", "level":"INFO", "message":"Hết dữ liệu ở trang 42", "caller":"/mnt/c/Users/Admin/Downloads/Project/Github/ETL_Project/platforms/ingestion/cophieu68/extract/extract_cophieu68.py:499"}
{"time":"2026-01-08T22:37:20", "level":"INFO", "message":"Hết dữ liệu ở trang 40", "caller":"/mnt/c/Users/Admin/Downloads/Project/Github/ETL_Project/platforms/ingestion/cophieu68/extract/extract_cophieu68.py:499"}
{"time":"2026-01-08T22:37:43", "level":"INFO", "message":"Hết dữ liệu ở trang 29", "caller":"/mnt/c/Users/Admin/Downloads/Project/Github/ETL_Project/platforms/ingestion/cophieu68/extract/extract_cophieu68.py:499"}
{"time":"2026-01-08T22:38:04", "level":"INFO", "message":"Hết dữ liệu ở trang 26", "caller":"/mnt/c/Users/Admin/Downloads/Project/Github/ETL_Project/platforms/ingestion/cophieu68/extract/extract_cophieu68.py:499"}
{"time":"2026-01-08T22:38:46", "level":"INFO", "message":"Hết dữ liệu ở trang 50", "caller":"/mnt/c/Users/Admin/Downloads/Project/Github/ETL_Project/platforms/ingestion/cophieu68/extract/extract_cophieu68.py:499"}
{"time":"2026-01-08T22:39:19", "level":"INFO", "message":"Hết dữ liệu ở trang 41", "caller":"/mnt/c/Users/Admin/Downloads/Project/Github/ETL_Project/platforms/ingestion/cophieu68/extract/extract_cophieu68.py:499"}
{"time":"2026-01-08T22:39:41", "level":"INFO", "message":"Hết dữ liệu ở trang 28", "caller":"/mnt/c/Users/Admin/Downloads/Project/Github/ETL_Project/platforms/ingestion/cophieu68/extract/extract_cophieu68.py:499"}
{"time":"2026-01-08T22:40:19", "level":"INFO", "message":"Hết dữ liệu ở trang 46", "caller":"/mnt/c/Users/Admin/Downloads/Project/Github/ETL_Project/platforms/ingestion/cophieu68/extract/extract_cophieu68.py:499"}
{"time":"2026-01-08T22:40:40", "level":"INFO", "message":"Hết dữ liệu ở trang 27", "caller":"/mnt/c/Users/Admin/Downloads/Project/Github/ETL_Project/platforms/ingestion/cophieu68/extract/extract_cophieu68.py:499"}
{"time":"2026-01-08T22:40:52", "level":"INFO", "message":"Hết dữ liệu ở trang 16", "caller":"/mnt/c/Users/Admin/Downloads/Project/Github/ETL_Project/platforms/ingestion/cophieu68/extract/extract_cophieu68.py:499"}
{"time":"2026-01-08T22:41:24", "level":"INFO", "message":"Hết dữ liệu ở trang 39", "caller":"/mnt/c/Users/Admin/Downloads/Project/Github/ETL_Project/platforms/ingestion/cophieu68/extract/extract_cophieu68.py:499"}
{"time":"2026-01-08T22:41:35", "level":"INFO", "message":"Hết dữ liệu ở trang 14", "caller":"/mnt/c/Users/Admin/Downloads/Project/Github/ETL_Project/platforms/ingestion/cophieu68/extract/extract_cophieu68.py:499"}
{"time":"2026-01-08T22:42:09", "level":"INFO", "message":"Hết dữ liệu ở trang 41", "caller":"/mnt/c/Users/Admin/Downloads/Project/Github/ETL_Project/platforms/ingestion/cophieu68/extract/extract_cophieu68.py:499"}
{"time":"2026-01-08T22:42:49", "level":"INFO", "message":"Hết dữ liệu ở trang 49", "caller":"/mnt/c/Users/Admin/Downloads/Project/Github/ETL_Project/platforms/ingestion/cophieu68/extract/extract_cophieu68.py:499"}
{"time":"2026-01-08T22:43:20", "level":"INFO", "message":"Hết dữ liệu ở trang 38", "caller":"/mnt/c/Users/Admin/Downloads/Project/Github/ETL_Project/platforms/ingestion/cophieu68/extract/extract_cophieu68.py:499"}
{"time":"2026-01-08T22:43:30", "level":"INFO", "message":"Hết dữ liệu ở trang 13", "caller":"/mnt/c/Users/Admin/Downloads/Project/Github/ETL_Project/platforms/ingestion/cophieu68/extract/extract_cophieu68.py:499"}
{"time":"2026-01-08T22:44:10", "level":"INFO", "message":"Hết dữ liệu ở trang 49", "caller":"/mnt/c/Users/Admin/Downloads/Project/Github/ETL_Project/platforms/ingestion/cophieu68/extract/extract_cophieu68.py:499"}
{"time":"2026-01-08T22:45:03", "level":"INFO", "message":"Hết dữ liệu ở trang 63", "caller":"/mnt/c/Users/Admin/Downloads/Project/Github/ETL_Project/platforms/ingestion/cophieu68/extract/extract_cophieu68.py:499"}
{"time":"2026-01-08T22:45:43", "level":"INFO", "message":"Hết dữ liệu ở trang 49", "caller":"/mnt/c/Users/Admin/Downloads/Project/Github/ETL_Project/platforms/ingestion/cophieu68/extract/extract_cophieu68.py:499"}
{"time":"2026-01-08T22:46:17", "level":"INFO", "message":"Hết dữ liệu ở trang 41", "caller":"/mnt/c/Users/Admin/Downloads/Project/Github/ETL_Project/platforms/ingestion/cophieu68/extract/extract_cophieu68.py:499"}
