{"time":"2026-07-08T15:43:24", "level":"INFO", "name":"__main__", "message":"[CONFIG] Loaded from platforms/orchestration/prefect/config/cophieu68_config.yaml", "caller":"/mnt/c/Users/Admin/Downloads/Project/Github/ETL_Project/scripts/deploy_full_pipeline.py:159"}
{"time":"2026-07-08T15:43:24", "level":"INFO", "name":"__main__", "message":"[CONFIG] Prefect config loaded successfully", "caller":"/mnt/c/Users/Admin/Downloads/Project/Github/ETL_Project/scripts/deploy_full_pipeline.py:171"}
{"time":"2026-07-08T15:43:24", "level":"INFO", "name":"__main__", "message":"[ORCHESTRATOR] Starting pipeline phase=bronze run_id=run_20260708_084324_62343a target_date=2026-07-08 symbols=['HPG'] backend=polars", "caller":"/mnt/c/Users/Admin/Downloads/Project/Github/ETL_Project/scripts/deploy_full_pipeline.py:914"}
{"time":"2026-07-08T15:43:24", "level":"INFO", "name":"__main__", "message":"[RUN START] run_id=run_20260708_084324_62343a | job=master_etl_bronze | layer=bronze | table=all_tables", "caller":"/mnt/c/Users/Admin/Downloads/Project/Github/ETL_Project/platforms/processing/base_processing_subsystem/subsystem34_metadata_repo.py:138"}
{"time":"2026-07-08T15:43:24", "level":"INFO", "name":"__main__", "message":"[BronzeExecutor] Starting bronze phase for symbols=['HPG']", "caller":"/mnt/c/Users/Admin/Downloads/Project/Github/ETL_Project/scripts/deploy_full_pipeline.py:524"}
{"time":"2026-07-08T15:43:24", "level":"INFO", "name":"__main__", "message":"[BronzeExecutor] Executing non-symbol specific tasks.", "caller":"/mnt/c/Users/Admin/Downloads/Project/Github/ETL_Project/scripts/deploy_full_pipeline.py:548"}
{"time":"2026-07-08T15:43:24", "level":"INFO", "name":"__main__", "message":"[BronzeExecutor] Crawling market lists for all market types.", "caller":"/mnt/c/Users/Admin/Downloads/Project/Github/ETL_Project/scripts/deploy_full_pipeline.py:551"}
{"time":"2026-07-08T15:43:24", "level":"INFO", "name":"__main__", "message":"[BronzeExecutor] Processing table=market_list_vnindex for symbol=VNINDEX batch_id=batch_VNINDEX_20260708084324_9f8199d0", "caller":"/mnt/c/Users/Admin/Downloads/Project/Github/ETL_Project/scripts/deploy_full_pipeline.py:611"}
{"time":"2026-07-08T15:43:26", "level":"INFO", "name":"polars_engine", "message":"[BronzeIngester:VNINDEX:market_list_vnindex] Start processing 1 records.", "caller":"/mnt/c/Users/Admin/Downloads/Project/Github/ETL_Project/scripts/deploy_full_pipeline.py:314"}
{"time":"2026-07-08T15:43:26", "level":"WARNING", "name":"polars_engine", "message":"[BronzeIngester:VNINDEX:market_list_vnindex] No records passed DQ checks.", "caller":"/mnt/c/Users/Admin/Downloads/Project/Github/ETL_Project/scripts/deploy_full_pipeline.py:331"}
{"time":"2026-07-08T15:43:26", "level":"INFO", "name":"__main__", "message":"[LINEAGE] external.cophieu68_market_list_vnindex_VNINDEX -> bronze.bronze_market_list_vnindex | op=APPEND | rows=0", "caller":"/mnt/c/Users/Admin/Downloads/Project/Github/ETL_Project/platforms/processing/base_processing_subsystem/subsystem34_metadata_repo.py:372"}
{"time":"2026-07-08T15:43:26", "level":"INFO", "name":"__main__", "message":"[BronzeExecutor] Processing table=market_list_hnx for symbol=HNX batch_id=batch_HNX_20260708084326_0c9f6c81", "caller":"/mnt/c/Users/Admin/Downloads/Project/Github/ETL_Project/scripts/deploy_full_pipeline.py:611"}
{"time":"2026-07-08T15:43:27", "level":"INFO", "name":"polars_engine", "message":"[BronzeIngester:HNX:market_list_hnx] Start processing 1 records.", "caller":"/mnt/c/Users/Admin/Downloads/Project/Github/ETL_Project/scripts/deploy_full_pipeline.py:314"}
{"time":"2026-07-08T15:43:27", "level":"WARNING", "name":"polars_engine", "message":"[BronzeIngester:HNX:market_list_hnx] No records passed DQ checks.", "caller":"/mnt/c/Users/Admin/Downloads/Project/Github/ETL_Project/scripts/deploy_full_pipeline.py:331"}
{"time":"2026-07-08T15:43:27", "level":"INFO", "name":"__main__", "message":"[LINEAGE] external.cophieu68_market_list_hnx_HNX -> bronze.bronze_market_list_hnx | op=APPEND | rows=0", "caller":"/mnt/c/Users/Admin/Downloads/Project/Github/ETL_Project/platforms/processing/base_processing_subsystem/subsystem34_metadata_repo.py:372"}
{"time":"2026-07-08T15:43:27", "level":"INFO", "name":"__main__", "message":"[BronzeExecutor] Processing table=market_list_upcom for symbol=UPCOM batch_id=batch_UPCOM_20260708084327_973e3e02", "caller":"/mnt/c/Users/Admin/Downloads/Project/Github/ETL_Project/scripts/deploy_full_pipeline.py:611"}
{"time":"2026-07-08T15:43:28", "level":"INFO", "name":"polars_engine", "message":"[BronzeIngester:UPCOM:market_list_upcom] Start processing 1 records.", "caller":"/mnt/c/Users/Admin/Downloads/Project/Github/ETL_Project/scripts/deploy_full_pipeline.py:314"}
{"time":"2026-07-08T15:43:28", "level":"WARNING", "name":"polars_engine", "message":"[BronzeIngester:UPCOM:market_list_upcom] No records passed DQ checks.", "caller":"/mnt/c/Users/Admin/Downloads/Project/Github/ETL_Project/scripts/deploy_full_pipeline.py:331"}
{"time":"2026-07-08T15:43:28", "level":"INFO", "name":"__main__", "message":"[LINEAGE] external.cophieu68_market_list_upcom_UPCOM -> bronze.bronze_market_list_upcom | op=APPEND | rows=0", "caller":"/mnt/c/Users/Admin/Downloads/Project/Github/ETL_Project/platforms/processing/base_processing_subsystem/subsystem34_metadata_repo.py:372"}
{"time":"2026-07-08T15:43:28", "level":"INFO", "name":"__main__", "message":"[BronzeExecutor] Processing table=market_list_vn30 for symbol=VN30 batch_id=batch_VN30_20260708084328_5e2a27e5", "caller":"/mnt/c/Users/Admin/Downloads/Project/Github/ETL_Project/scripts/deploy_full_pipeline.py:611"}
{"time":"2026-07-08T15:43:31", "level":"INFO", "name":"polars_engine", "message":"[BronzeIngester:VN30:market_list_vn30] Start processing 1 records.", "caller":"/mnt/c/Users/Admin/Downloads/Project/Github/ETL_Project/scripts/deploy_full_pipeline.py:314"}
{"time":"2026-07-08T15:43:31", "level":"WARNING", "name":"polars_engine", "message":"[BronzeIngester:VN30:market_list_vn30] No records passed DQ checks.", "caller":"/mnt/c/Users/Admin/Downloads/Project/Github/ETL_Project/scripts/deploy_full_pipeline.py:331"}
{"time":"2026-07-08T15:43:31", "level":"INFO", "name":"__main__", "message":"[LINEAGE] external.cophieu68_market_list_vn30_VN30 -> bronze.bronze_market_list_vn30 | op=APPEND | rows=0", "caller":"/mnt/c/Users/Admin/Downloads/Project/Github/ETL_Project/platforms/processing/base_processing_subsystem/subsystem34_metadata_repo.py:372"}
{"time":"2026-07-08T15:43:31", "level":"INFO", "name":"__main__", "message":"[BronzeExecutor] Crawling industry information for all types.", "caller":"/mnt/c/Users/Admin/Downloads/Project/Github/ETL_Project/scripts/deploy_full_pipeline.py:562"}
{"time":"2026-07-08T15:43:31", "level":"INFO", "name":"__main__", "message":"[BronzeExecutor] Processing table=industry_info_summary_info for symbol=SUMMARY_INFO batch_id=batch_SUMMARY_INFO_20260708084331_cef4b9f1", "caller":"/mnt/c/Users/Admin/Downloads/Project/Github/ETL_Project/scripts/deploy_full_pipeline.py:611"}
{"time":"2026-07-08T15:43:32", "level":"INFO", "name":"extractor", "message":"Extract_successfull industry_info for type summary_info", "caller":"/mnt/c/Users/Admin/Downloads/Project/Github/ETL_Project/platforms/ingestion/cophieu68/extract/extract_cophieu68.py:442"}
{"time":"2026-07-08T15:43:32", "level":"INFO", "name":"polars_engine", "message":"[BronzeIngester:SUMMARY_INFO:industry_info_summary_info] Start processing 1 records.", "caller":"/mnt/c/Users/Admin/Downloads/Project/Github/ETL_Project/scripts/deploy_full_pipeline.py:314"}
{"time":"2026-07-08T15:43:32", "level":"WARNING", "name":"polars_engine", "message":"[BronzeIngester:SUMMARY_INFO:industry_info_summary_info] No records passed DQ checks.", "caller":"/mnt/c/Users/Admin/Downloads/Project/Github/ETL_Project/scripts/deploy_full_pipeline.py:331"}
{"time":"2026-07-08T15:43:32", "level":"INFO", "name":"__main__", "message":"[LINEAGE] external.cophieu68_industry_info_summary_info_SUMMARY_INFO -> bronze.bronze_industry_info_summary_info | op=APPEND | rows=0", "caller":"/mnt/c/Users/Admin/Downloads/Project/Github/ETL_Project/platforms/processing/base_processing_subsystem/subsystem34_metadata_repo.py:372"}
{"time":"2026-07-08T15:43:32", "level":"INFO", "name":"__main__", "message":"[BronzeExecutor] Processing table=industry_info_financial_info for symbol=FINANCIAL_INFO batch_id=batch_FINANCIAL_INFO_20260708084332_ab25dd5a", "caller":"/mnt/c/Users/Admin/Downloads/Project/Github/ETL_Project/scripts/deploy_full_pipeline.py:611"}
{"time":"2026-07-08T15:43:33", "level":"INFO", "name":"extractor", "message":"Extract_successfull industry_info for type financial_info", "caller":"/mnt/c/Users/Admin/Downloads/Project/Github/ETL_Project/platforms/ingestion/cophieu68/extract/extract_cophieu68.py:442"}
{"time":"2026-07-08T15:43:33", "level":"INFO", "name":"polars_engine", "message":"[BronzeIngester:FINANCIAL_INFO:industry_info_financial_info] Start processing 1 records.", "caller":"/mnt/c/Users/Admin/Downloads/Project/Github/ETL_Project/scripts/deploy_full_pipeline.py:314"}
{"time":"2026-07-08T15:43:33", "level":"WARNING", "name":"polars_engine", "message":"[BronzeIngester:FINANCIAL_INFO:industry_info_financial_info] No records passed DQ checks.", "caller":"/mnt/c/Users/Admin/Downloads/Project/Github/ETL_Project/scripts/deploy_full_pipeline.py:331"}
{"time":"2026-07-08T15:43:33", "level":"INFO", "name":"__main__", "message":"[LINEAGE] external.cophieu68_industry_info_financial_info_FINANCIAL_INFO -> bronze.bronze_industry_info_financial_info | op=APPEND | rows=0", "caller":"/mnt/c/Users/Admin/Downloads/Project/Github/ETL_Project/platforms/processing/base_processing_subsystem/subsystem34_metadata_repo.py:372"}
{"time":"2026-07-08T15:43:33", "level":"INFO", "name":"__main__", "message":"[BronzeExecutor] Processing table=industry_info_fund_info for symbol=FUND_INFO batch_id=batch_FUND_INFO_20260708084333_4be5b271", "caller":"/mnt/c/Users/Admin/Downloads/Project/Github/ETL_Project/scripts/deploy_full_pipeline.py:611"}
{"time":"2026-07-08T15:43:34", "level":"INFO", "name":"extractor", "message":"Extract_successfull industry_info for type fund_info", "caller":"/mnt/c/Users/Admin/Downloads/Project/Github/ETL_Project/platforms/ingestion/cophieu68/extract/extract_cophieu68.py:442"}
{"time":"2026-07-08T15:43:34", "level":"INFO", "name":"polars_engine", "message":"[BronzeIngester:FUND_INFO:industry_info_fund_info] Start processing 1 records.", "caller":"/mnt/c/Users/Admin/Downloads/Project/Github/ETL_Project/scripts/deploy_full_pipeline.py:314"}
{"time":"2026-07-08T15:43:34", "level":"WARNING", "name":"polars_engine", "message":"[BronzeIngester:FUND_INFO:industry_info_fund_info] No records passed DQ checks.", "caller":"/mnt/c/Users/Admin/Downloads/Project/Github/ETL_Project/scripts/deploy_full_pipeline.py:331"}
{"time":"2026-07-08T15:43:34", "level":"INFO", "name":"__main__", "message":"[LINEAGE] external.cophieu68_industry_info_fund_info_FUND_INFO -> bronze.bronze_industry_info_fund_info | op=APPEND | rows=0", "caller":"/mnt/c/Users/Admin/Downloads/Project/Github/ETL_Project/platforms/processing/base_processing_subsystem/subsystem34_metadata_repo.py:372"}
{"time":"2026-07-08T15:43:34", "level":"INFO", "name":"__main__", "message":"[BronzeExecutor] Crawling general company information.", "caller":"/mnt/c/Users/Admin/Downloads/Project/Github/ETL_Project/scripts/deploy_full_pipeline.py:573"}
{"time":"2026-07-08T15:43:34", "level":"INFO", "name":"__main__", "message":"[BronzeExecutor] Processing table=company_by_industry for symbol=ALL batch_id=batch_ALL_20260708084334_1188e188", "caller":"/mnt/c/Users/Admin/Downloads/Project/Github/ETL_Project/scripts/deploy_full_pipeline.py:611"}
{"time":"2026-07-08T15:43:51", "level":"INFO", "name":"extractor", "message":"Extract successfull company_info_belong_to_industry_sectors", "caller":"/mnt/c/Users/Admin/Downloads/Project/Github/ETL_Project/platforms/ingestion/cophieu68/extract/extract_cophieu68.py:331"}
{"time":"2026-07-08T15:43:51", "level":"INFO", "name":"polars_engine", "message":"[BronzeIngester:ALL:company_by_industry] Start processing 916 records.", "caller":"/mnt/c/Users/Admin/Downloads/Project/Github/ETL_Project/scripts/deploy_full_pipeline.py:314"}
{"time":"2026-07-08T15:43:51", "level":"WARNING", "name":"polars_engine", "message":"[BronzeIngester:ALL:company_by_industry] No records passed DQ checks.", "caller":"/mnt/c/Users/Admin/Downloads/Project/Github/ETL_Project/scripts/deploy_full_pipeline.py:331"}
{"time":"2026-07-08T15:43:51", "level":"INFO", "name":"__main__", "message":"[LINEAGE] external.cophieu68_company_by_industry_ALL -> bronze.bronze_company_by_industry | op=APPEND | rows=0", "caller":"/mnt/c/Users/Admin/Downloads/Project/Github/ETL_Project/platforms/processing/base_processing_subsystem/subsystem34_metadata_repo.py:372"}
{"time":"2026-07-08T15:43:51", "level":"INFO", "name":"__main__", "message":"[BronzeExecutor] Processing table=company_by_market for symbol=ALL batch_id=batch_ALL_20260708084351_563170d5", "caller":"/mnt/c/Users/Admin/Downloads/Project/Github/ETL_Project/scripts/deploy_full_pipeline.py:611"}
{"time":"2026-07-08T15:43:54", "level":"INFO", "name":"extractor", "message":"Extract successfull company_info_belong_to_market_type", "caller":"/mnt/c/Users/Admin/Downloads/Project/Github/ETL_Project/platforms/ingestion/cophieu68/extract/extract_cophieu68.py:360"}
{"time":"2026-07-08T15:43:54", "level":"INFO", "name":"polars_engine", "message":"[BronzeIngester:ALL:company_by_market] Start processing 1496 records.", "caller":"/mnt/c/Users/Admin/Downloads/Project/Github/ETL_Project/scripts/deploy_full_pipeline.py:314"}
{"time":"2026-07-08T15:43:54", "level":"WARNING", "name":"polars_engine", "message":"[BronzeIngester:ALL:company_by_market] No records passed DQ checks.", "caller":"/mnt/c/Users/Admin/Downloads/Project/Github/ETL_Project/scripts/deploy_full_pipeline.py:331"}
{"time":"2026-07-08T15:43:54", "level":"INFO", "name":"__main__", "message":"[LINEAGE] external.cophieu68_company_by_market_ALL -> bronze.bronze_company_by_market | op=APPEND | rows=0", "caller":"/mnt/c/Users/Admin/Downloads/Project/Github/ETL_Project/platforms/processing/base_processing_subsystem/subsystem34_metadata_repo.py:372"}
{"time":"2026-07-08T15:43:54", "level":"INFO", "name":"__main__", "message":"[BronzeExecutor] Executing tasks for symbol=HPG", "caller":"/mnt/c/Users/Admin/Downloads/Project/Github/ETL_Project/scripts/deploy_full_pipeline.py:589"}
{"time":"2026-07-08T15:43:54", "level":"INFO", "name":"__main__", "message":"[BronzeExecutor] Processing table=trading_data for symbol=HPG batch_id=batch_HPG_20260708084354_530a2e13", "caller":"/mnt/c/Users/Admin/Downloads/Project/Github/ETL_Project/scripts/deploy_full_pipeline.py:611"}
{"time":"2026-07-08T15:43:55", "level":"INFO", "name":"polars_engine", "message":"[BronzeIngester:HPG:trading_data] Start processing 101 records.", "caller":"/mnt/c/Users/Admin/Downloads/Project/Github/ETL_Project/scripts/deploy_full_pipeline.py:314"}
{"time":"2026-07-08T15:43:55", "level":"INFO", "name":"polars_engine", "message":"💾 Ghi dữ liệu tới: s3a://lakehouse/bronze/trading_data/ (Partition: ['ingest_date'])", "caller":"/mnt/c/Users/Admin/Downloads/Project/Github/ETL_Project/platforms/processing/polars/polars_engine.py:53"}
{"time":"2026-07-08T15:43:55", "level":"ERROR", "name":"__main__", "message":"[BronzeExecutor] Error for table=trading_data, symbol=HPG: "ingest_date" not found", "caller":"/mnt/c/Users/Admin/Downloads/Project/Github/ETL_Project/scripts/deploy_full_pipeline.py:689"}
Traceback (most recent call last):
  File "/mnt/c/Users/Admin/Downloads/Project/Github/ETL_Project/scripts/deploy_full_pipeline.py", line 654, in _process_and_ingest
    ingestion_result = bronze_ingester.process(raw_records, batch_id, self.context.run_id, symbol, cleansing)
                       ^^^^^^^^^^^^^^^^^^^^^^^^^^^^^^^^^^^^^^^^^^^^^^^^^^^^^^^^^^^^^^^^^^^^^^^^^^^^^^^^^^^^^^
  File "/mnt/c/Users/Admin/Downloads/Project/Github/ETL_Project/scripts/deploy_full_pipeline.py", line 352, in process
    saved_path = self.engine.write_parquet(
                 ^^^^^^^^^^^^^^^^^^^^^^^^^^
  File "/mnt/c/Users/Admin/Downloads/Project/Github/ETL_Project/platforms/processing/polars/polars_engine.py", line 59, in write_parquet
    df.write_parquet(
  File "/home/hungpham/ds_env/lib/python3.11/site-packages/polars/dataframe/frame.py", line 3662, in write_parquet
    self._df.write_parquet(
polars.exceptions.ColumnNotFoundError: "ingest_date" not found
{"time":"2026-07-08T15:43:55", "level":"INFO", "name":"__main__", "message":"[BronzeExecutor] Processing table=company_profile for symbol=HPG batch_id=batch_HPG_20260708084355_d44fbba3", "caller":"/mnt/c/Users/Admin/Downloads/Project/Github/ETL_Project/scripts/deploy_full_pipeline.py:611"}
{"time":"2026-07-08T15:43:55", "level":"WARNING", "name":"__main__", "message":"[BronzeExecutor] Data for company_profile/HPG could not be normalized to records.", "caller":"/mnt/c/Users/Admin/Downloads/Project/Github/ETL_Project/scripts/deploy_full_pipeline.py:643"}
{"time":"2026-07-08T15:43:55", "level":"INFO", "name":"__main__", "message":"[BronzeExecutor] Processing table=financial_ratios for symbol=HPG batch_id=batch_HPG_20260708084355_ce8d8b01", "caller":"/mnt/c/Users/Admin/Downloads/Project/Github/ETL_Project/scripts/deploy_full_pipeline.py:611"}
{"time":"2026-07-08T15:43:55", "level":"INFO", "name":"extractor", "message":"Extract_successfull financial_ratios for HPG", "caller":"/mnt/c/Users/Admin/Downloads/Project/Github/ETL_Project/platforms/ingestion/cophieu68/extract/extract_cophieu68.py:528"}
{"time":"2026-07-08T15:43:55", "level":"INFO", "name":"polars_engine", "message":"[BronzeIngester:HPG:financial_ratios] Start processing 1 records.", "caller":"/mnt/c/Users/Admin/Downloads/Project/Github/ETL_Project/scripts/deploy_full_pipeline.py:314"}
{"time":"2026-07-08T15:43:55", "level":"WARNING", "name":"polars_engine", "message":"[BronzeIngester:HPG:financial_ratios] No records passed DQ checks.", "caller":"/mnt/c/Users/Admin/Downloads/Project/Github/ETL_Project/scripts/deploy_full_pipeline.py:331"}
{"time":"2026-07-08T15:43:55", "level":"INFO", "name":"__main__", "message":"[LINEAGE] external.cophieu68_financial_ratios_HPG -> bronze.bronze_financial_ratios | op=APPEND | rows=0", "caller":"/mnt/c/Users/Admin/Downloads/Project/Github/ETL_Project/platforms/processing/base_processing_subsystem/subsystem34_metadata_repo.py:372"}
{"time":"2026-07-08T15:43:55", "level":"INFO", "name":"__main__", "message":"[BronzeExecutor] Processing table=financial_summary for symbol=HPG batch_id=batch_HPG_20260708084355_63a9e693", "caller":"/mnt/c/Users/Admin/Downloads/Project/Github/ETL_Project/scripts/deploy_full_pipeline.py:611"}
{"time":"2026-07-08T15:43:56", "level":"INFO", "name":"extractor", "message":"extract_succcessfull financial_report_summary HPG", "caller":"/mnt/c/Users/Admin/Downloads/Project/Github/ETL_Project/platforms/ingestion/cophieu68/extract/extract_cophieu68.py:120"}
{"time":"2026-07-08T15:43:56", "level":"INFO", "name":"polars_engine", "message":"[BronzeIngester:HPG:financial_summary] Start processing 1 records.", "caller":"/mnt/c/Users/Admin/Downloads/Project/Github/ETL_Project/scripts/deploy_full_pipeline.py:314"}
{"time":"2026-07-08T15:43:56", "level":"WARNING", "name":"polars_engine", "message":"[BronzeIngester:HPG:financial_summary] No records passed DQ checks.", "caller":"/mnt/c/Users/Admin/Downloads/Project/Github/ETL_Project/scripts/deploy_full_pipeline.py:331"}
{"time":"2026-07-08T15:43:56", "level":"INFO", "name":"__main__", "message":"[LINEAGE] external.cophieu68_financial_summary_HPG -> bronze.bronze_financial_summary | op=APPEND | rows=0", "caller":"/mnt/c/Users/Admin/Downloads/Project/Github/ETL_Project/platforms/processing/base_processing_subsystem/subsystem34_metadata_repo.py:372"}
{"time":"2026-07-08T15:43:56", "level":"INFO", "name":"__main__", "message":"[BronzeExecutor] Processing table=business_plan for symbol=HPG batch_id=batch_HPG_20260708084356_5e557972", "caller":"/mnt/c/Users/Admin/Downloads/Project/Github/ETL_Project/scripts/deploy_full_pipeline.py:611"}
{"time":"2026-07-08T15:43:57", "level":"INFO", "name":"extractor", "message":"extract_successfull business_plan HPG", "caller":"/mnt/c/Users/Admin/Downloads/Project/Github/ETL_Project/platforms/ingestion/cophieu68/extract/extract_cophieu68.py:174"}
{"time":"2026-07-08T15:43:57", "level":"INFO", "name":"polars_engine", "message":"[BronzeIngester:HPG:business_plan] Start processing 1 records.", "caller":"/mnt/c/Users/Admin/Downloads/Project/Github/ETL_Project/scripts/deploy_full_pipeline.py:314"}
{"time":"2026-07-08T15:43:57", "level":"WARNING", "name":"polars_engine", "message":"[BronzeIngester:HPG:business_plan] No records passed DQ checks.", "caller":"/mnt/c/Users/Admin/Downloads/Project/Github/ETL_Project/scripts/deploy_full_pipeline.py:331"}
{"time":"2026-07-08T15:43:57", "level":"INFO", "name":"__main__", "message":"[LINEAGE] external.cophieu68_business_plan_HPG -> bronze.bronze_business_plan | op=APPEND | rows=0", "caller":"/mnt/c/Users/Admin/Downloads/Project/Github/ETL_Project/platforms/processing/base_processing_subsystem/subsystem34_metadata_repo.py:372"}
{"time":"2026-07-08T15:43:57", "level":"INFO", "name":"__main__", "message":"[BronzeExecutor] Processing table=income_statement_quarterly for symbol=HPG batch_id=batch_HPG_20260708084357_2b32f0d0", "caller":"/mnt/c/Users/Admin/Downloads/Project/Github/ETL_Project/scripts/deploy_full_pipeline.py:611"}
{"time":"2026-07-08T15:43:57", "level":"INFO", "name":"extractor", "message":"Extract_successfull details_financial_report {symbol}", "caller":"/mnt/c/Users/Admin/Downloads/Project/Github/ETL_Project/platforms/ingestion/cophieu68/extract/extract_cophieu68.py:259"}
{"time":"2026-07-08T15:43:57", "level":"INFO", "name":"extractor", "message":"Extract_successfull details_income_statement HPG", "caller":"/mnt/c/Users/Admin/Downloads/Project/Github/ETL_Project/platforms/ingestion/cophieu68/extract/extract_cophieu68.py:279"}
{"time":"2026-07-08T15:43:57", "level":"INFO", "name":"polars_engine", "message":"[BronzeIngester:HPG:income_statement_quarterly] Start processing 1 records.", "caller":"/mnt/c/Users/Admin/Downloads/Project/Github/ETL_Project/scripts/deploy_full_pipeline.py:314"}
{"time":"2026-07-08T15:43:57", "level":"WARNING", "name":"polars_engine", "message":"[BronzeIngester:HPG:income_statement_quarterly] No records passed DQ checks.", "caller":"/mnt/c/Users/Admin/Downloads/Project/Github/ETL_Project/scripts/deploy_full_pipeline.py:331"}
{"time":"2026-07-08T15:43:57", "level":"INFO", "name":"__main__", "message":"[LINEAGE] external.cophieu68_income_statement_quarterly_HPG -> bronze.bronze_income_statement_quarterly | op=APPEND | rows=0", "caller":"/mnt/c/Users/Admin/Downloads/Project/Github/ETL_Project/platforms/processing/base_processing_subsystem/subsystem34_metadata_repo.py:372"}
{"time":"2026-07-08T15:43:57", "level":"INFO", "name":"__main__", "message":"[BronzeExecutor] Processing table=balance_sheet_quarterly for symbol=HPG batch_id=batch_HPG_20260708084357_a85ee6ab", "caller":"/mnt/c/Users/Admin/Downloads/Project/Github/ETL_Project/scripts/deploy_full_pipeline.py:611"}
{"time":"2026-07-08T15:43:58", "level":"INFO", "name":"extractor", "message":"Extract_successfull details_financial_report {symbol}", "caller":"/mnt/c/Users/Admin/Downloads/Project/Github/ETL_Project/platforms/ingestion/cophieu68/extract/extract_cophieu68.py:259"}
{"time":"2026-07-08T15:43:58", "level":"INFO", "name":"extractor", "message":"Extract_successfull details_balance_sheet HPG", "caller":"/mnt/c/Users/Admin/Downloads/Project/Github/ETL_Project/platforms/ingestion/cophieu68/extract/extract_cophieu68.py:298"}
{"time":"2026-07-08T15:43:58", "level":"INFO", "name":"polars_engine", "message":"[BronzeIngester:HPG:balance_sheet_quarterly] Start processing 1 records.", "caller":"/mnt/c/Users/Admin/Downloads/Project/Github/ETL_Project/scripts/deploy_full_pipeline.py:314"}
{"time":"2026-07-08T15:43:58", "level":"WARNING", "name":"polars_engine", "message":"[BronzeIngester:HPG:balance_sheet_quarterly] No records passed DQ checks.", "caller":"/mnt/c/Users/Admin/Downloads/Project/Github/ETL_Project/scripts/deploy_full_pipeline.py:331"}
{"time":"2026-07-08T15:43:58", "level":"INFO", "name":"__main__", "message":"[LINEAGE] external.cophieu68_balance_sheet_quarterly_HPG -> bronze.bronze_balance_sheet_quarterly | op=APPEND | rows=0", "caller":"/mnt/c/Users/Admin/Downloads/Project/Github/ETL_Project/platforms/processing/base_processing_subsystem/subsystem34_metadata_repo.py:372"}
{"time":"2026-07-08T15:43:58", "level":"INFO", "name":"__main__", "message":"[BronzeExecutor] Processing table=income_statement_annually for symbol=HPG batch_id=batch_HPG_20260708084358_c4824f93", "caller":"/mnt/c/Users/Admin/Downloads/Project/Github/ETL_Project/scripts/deploy_full_pipeline.py:611"}
{"time":"2026-07-08T15:43:59", "level":"INFO", "name":"extractor", "message":"Extract_successfull details_financial_report {symbol}", "caller":"/mnt/c/Users/Admin/Downloads/Project/Github/ETL_Project/platforms/ingestion/cophieu68/extract/extract_cophieu68.py:259"}
{"time":"2026-07-08T15:43:59", "level":"INFO", "name":"extractor", "message":"Extract_successfull details_income_statement HPG", "caller":"/mnt/c/Users/Admin/Downloads/Project/Github/ETL_Project/platforms/ingestion/cophieu68/extract/extract_cophieu68.py:279"}
{"time":"2026-07-08T15:43:59", "level":"INFO", "name":"polars_engine", "message":"[BronzeIngester:HPG:income_statement_annually] Start processing 1 records.", "caller":"/mnt/c/Users/Admin/Downloads/Project/Github/ETL_Project/scripts/deploy_full_pipeline.py:314"}
{"time":"2026-07-08T15:43:59", "level":"WARNING", "name":"polars_engine", "message":"[BronzeIngester:HPG:income_statement_annually] No records passed DQ checks.", "caller":"/mnt/c/Users/Admin/Downloads/Project/Github/ETL_Project/scripts/deploy_full_pipeline.py:331"}
{"time":"2026-07-08T15:43:59", "level":"INFO", "name":"__main__", "message":"[LINEAGE] external.cophieu68_income_statement_annually_HPG -> bronze.bronze_income_statement_annually | op=APPEND | rows=0", "caller":"/mnt/c/Users/Admin/Downloads/Project/Github/ETL_Project/platforms/processing/base_processing_subsystem/subsystem34_metadata_repo.py:372"}
{"time":"2026-07-08T15:43:59", "level":"INFO", "name":"__main__", "message":"[BronzeExecutor] Processing table=balance_sheet_annually for symbol=HPG batch_id=batch_HPG_20260708084359_869b7f88", "caller":"/mnt/c/Users/Admin/Downloads/Project/Github/ETL_Project/scripts/deploy_full_pipeline.py:611"}
{"time":"2026-07-08T15:44:00", "level":"INFO", "name":"extractor", "message":"Extract_successfull details_financial_report {symbol}", "caller":"/mnt/c/Users/Admin/Downloads/Project/Github/ETL_Project/platforms/ingestion/cophieu68/extract/extract_cophieu68.py:259"}
{"time":"2026-07-08T15:44:00", "level":"INFO", "name":"extractor", "message":"Extract_successfull details_balance_sheet HPG", "caller":"/mnt/c/Users/Admin/Downloads/Project/Github/ETL_Project/platforms/ingestion/cophieu68/extract/extract_cophieu68.py:298"}
{"time":"2026-07-08T15:44:00", "level":"INFO", "name":"polars_engine", "message":"[BronzeIngester:HPG:balance_sheet_annually] Start processing 1 records.", "caller":"/mnt/c/Users/Admin/Downloads/Project/Github/ETL_Project/scripts/deploy_full_pipeline.py:314"}
{"time":"2026-07-08T15:44:00", "level":"WARNING", "name":"polars_engine", "message":"[BronzeIngester:HPG:balance_sheet_annually] No records passed DQ checks.", "caller":"/mnt/c/Users/Admin/Downloads/Project/Github/ETL_Project/scripts/deploy_full_pipeline.py:331"}
{"time":"2026-07-08T15:44:00", "level":"INFO", "name":"__main__", "message":"[LINEAGE] external.cophieu68_balance_sheet_annually_HPG -> bronze.bronze_balance_sheet_annually | op=APPEND | rows=0", "caller":"/mnt/c/Users/Admin/Downloads/Project/Github/ETL_Project/platforms/processing/base_processing_subsystem/subsystem34_metadata_repo.py:372"}
{"time":"2026-07-08T15:44:00", "level":"INFO", "name":"__main__", "message":"[BronzeExecutor] Processing table=match_details for symbol=HPG batch_id=batch_HPG_20260708084400_20807eb2", "caller":"/mnt/c/Users/Admin/Downloads/Project/Github/ETL_Project/scripts/deploy_full_pipeline.py:611"}
{"time":"2026-07-08T15:44:00", "level":"INFO", "name":"extractor", "message":"extract_successfull details_match {symbol}", "caller":"/mnt/c/Users/Admin/Downloads/Project/Github/ETL_Project/platforms/ingestion/cophieu68/extract/extract_cophieu68.py:219"}
{"time":"2026-07-08T15:44:00", "level":"INFO", "name":"polars_engine", "message":"[BronzeIngester:HPG:match_details] Start processing 1 records.", "caller":"/mnt/c/Users/Admin/Downloads/Project/Github/ETL_Project/scripts/deploy_full_pipeline.py:314"}
{"time":"2026-07-08T15:44:00", "level":"WARNING", "name":"polars_engine", "message":"[BronzeIngester:HPG:match_details] No records passed DQ checks.", "caller":"/mnt/c/Users/Admin/Downloads/Project/Github/ETL_Project/scripts/deploy_full_pipeline.py:331"}
{"time":"2026-07-08T15:44:00", "level":"INFO", "name":"__main__", "message":"[LINEAGE] external.cophieu68_match_details_HPG -> bronze.bronze_match_details | op=APPEND | rows=0", "caller":"/mnt/c/Users/Admin/Downloads/Project/Github/ETL_Project/platforms/processing/base_processing_subsystem/subsystem34_metadata_repo.py:372"}
{"time":"2026-07-08T15:44:00", "level":"INFO", "name":"__main__", "message":"[BronzeExecutor] Completed bronze phase: rows_ingested=0", "caller":"/mnt/c/Users/Admin/Downloads/Project/Github/ETL_Project/scripts/deploy_full_pipeline.py:543"}
{"time":"2026-07-08T15:44:00", "level":"INFO", "name":"__main__", "message":"[RUN END] run_id=run_20260708_084324_62343a | status=SUCCESS | duration=36.7s | rows_read=None | rows_written=None", "caller":"/mnt/c/Users/Admin/Downloads/Project/Github/ETL_Project/platforms/processing/base_processing_subsystem/subsystem34_metadata_repo.py:183"}
{"time":"2026-07-08T15:44:00", "level":"INFO", "name":"__main__", "message":"
======================================================================
  ETL Run Summary: run_20260708_084324_62343a
======================================================================
  Job:           master_etl_bronze
  Layer:         bronze -> all_tables
  Status:        SUCCESS
  Start:         2026-07-08 08:43:24.274991+00:00
  End:           2026-07-08 08:44:00.957162+00:00
  Duration:      36.7s
  Rows Read:     0
  Rows Written:  0

  Data Lineage (17 transformations):
    external.cophieu68_market_list_vnindex_VNINDEX --[APPEND]--> bronze.bronze_market_list_vnindex (0 rows)
    external.cophieu68_market_list_hnx_HNX --[APPEND]--> bronze.bronze_market_list_hnx (0 rows)
    external.cophieu68_market_list_upcom_UPCOM --[APPEND]--> bronze.bronze_market_list_upcom (0 rows)
    external.cophieu68_market_list_vn30_VN30 --[APPEND]--> bronze.bronze_market_list_vn30 (0 rows)
    external.cophieu68_industry_info_summary_info_SUMMARY_INFO --[APPEND]--> bronze.bronze_industry_info_summary_info (0 rows)
    external.cophieu68_industry_info_financial_info_FINANCIAL_INFO --[APPEND]--> bronze.bronze_industry_info_financial_info (0 rows)
    external.cophieu68_industry_info_fund_info_FUND_INFO --[APPEND]--> bronze.bronze_industry_info_fund_info (0 rows)
    external.cophieu68_company_by_industry_ALL --[APPEND]--> bronze.bronze_company_by_industry (0 rows)
    external.cophieu68_company_by_market_ALL --[APPEND]--> bronze.bronze_company_by_market (0 rows)
    external.cophieu68_financial_ratios_HPG --[APPEND]--> bronze.bronze_financial_ratios (0 rows)
    external.cophieu68_financial_summary_HPG --[APPEND]--> bronze.bronze_financial_summary (0 rows)
    external.cophieu68_business_plan_HPG --[APPEND]--> bronze.bronze_business_plan (0 rows)
    external.cophieu68_income_statement_quarterly_HPG --[APPEND]--> bronze.bronze_income_statement_quarterly (0 rows)
    external.cophieu68_balance_sheet_quarterly_HPG --[APPEND]--> bronze.bronze_balance_sheet_quarterly (0 rows)
    external.cophieu68_income_statement_annually_HPG --[APPEND]--> bronze.bronze_income_statement_annually (0 rows)
    external.cophieu68_balance_sheet_annually_HPG --[APPEND]--> bronze.bronze_balance_sheet_annually (0 rows)
    external.cophieu68_match_details_HPG --[APPEND]--> bronze.bronze_match_details (0 rows)
======================================================================
", "caller":"/mnt/c/Users/Admin/Downloads/Project/Github/ETL_Project/platforms/processing/base_processing_subsystem/subsystem34_metadata_repo.py:462"}
{"time":"2026-07-08T15:44:00", "level":"INFO", "name":"root", "message":"Shutting down the event dispatcher", "caller":"/home/hungpham/ds_env/lib/python3.11/site-packages/sqlmesh/core/analytics/dispatcher.py:159"}
{"time":"2026-07-08T15:53:16", "level":"INFO", "name":"__main__", "message":"[CONFIG] Loaded from platforms/orchestration/prefect/config/cophieu68_config.yaml", "caller":"/mnt/c/Users/Admin/Downloads/Project/Github/ETL_Project/scripts/deploy_full_pipeline.py:159"}
{"time":"2026-07-08T15:53:16", "level":"INFO", "name":"__main__", "message":"[CONFIG] Prefect config loaded successfully", "caller":"/mnt/c/Users/Admin/Downloads/Project/Github/ETL_Project/scripts/deploy_full_pipeline.py:171"}
{"time":"2026-07-08T15:53:16", "level":"INFO", "name":"__main__", "message":"[ORCHESTRATOR] Starting pipeline phase=bronze run_id=run_20260708_085316_c92e68 target_date=2026-07-08 symbols=['HPG'] backend=polars", "caller":"/mnt/c/Users/Admin/Downloads/Project/Github/ETL_Project/scripts/deploy_full_pipeline.py:914"}
{"time":"2026-07-08T15:53:16", "level":"INFO", "name":"__main__", "message":"[RUN START] run_id=run_20260708_085316_c92e68 | job=master_etl_bronze | layer=bronze | table=all_tables", "caller":"/mnt/c/Users/Admin/Downloads/Project/Github/ETL_Project/platforms/processing/base_processing_subsystem/subsystem34_metadata_repo.py:138"}
{"time":"2026-07-08T15:53:16", "level":"INFO", "name":"__main__", "message":"[BronzeExecutor] Starting bronze phase for symbols=['HPG']", "caller":"/mnt/c/Users/Admin/Downloads/Project/Github/ETL_Project/scripts/deploy_full_pipeline.py:524"}
{"time":"2026-07-08T15:53:16", "level":"INFO", "name":"__main__", "message":"[BronzeExecutor] Executing non-symbol specific tasks.", "caller":"/mnt/c/Users/Admin/Downloads/Project/Github/ETL_Project/scripts/deploy_full_pipeline.py:548"}
{"time":"2026-07-08T15:53:16", "level":"INFO", "name":"__main__", "message":"[BronzeExecutor] Crawling market lists for all market types.", "caller":"/mnt/c/Users/Admin/Downloads/Project/Github/ETL_Project/scripts/deploy_full_pipeline.py:551"}
{"time":"2026-07-08T15:53:16", "level":"INFO", "name":"__main__", "message":"[BronzeExecutor] Processing table=market_list_vnindex for symbol=VNINDEX batch_id=batch_VNINDEX_20260708085316_f8917b17", "caller":"/mnt/c/Users/Admin/Downloads/Project/Github/ETL_Project/scripts/deploy_full_pipeline.py:611"}
{"time":"2026-07-08T15:53:17", "level":"INFO", "name":"polars_engine", "message":"[BronzeIngester:VNINDEX:market_list_vnindex] Start processing 1 records.", "caller":"/mnt/c/Users/Admin/Downloads/Project/Github/ETL_Project/scripts/deploy_full_pipeline.py:314"}
{"time":"2026-07-08T15:53:17", "level":"WARNING", "name":"polars_engine", "message":"[BronzeIngester:VNINDEX:market_list_vnindex] No records passed DQ checks.", "caller":"/mnt/c/Users/Admin/Downloads/Project/Github/ETL_Project/scripts/deploy_full_pipeline.py:331"}
{"time":"2026-07-08T15:53:18", "level":"INFO", "name":"__main__", "message":"[LINEAGE] external.cophieu68_market_list_vnindex_VNINDEX -> bronze.bronze_market_list_vnindex | op=APPEND | rows=0", "caller":"/mnt/c/Users/Admin/Downloads/Project/Github/ETL_Project/platforms/processing/base_processing_subsystem/subsystem34_metadata_repo.py:372"}
{"time":"2026-07-08T15:53:18", "level":"INFO", "name":"__main__", "message":"[BronzeExecutor] Processing table=market_list_hnx for symbol=HNX batch_id=batch_HNX_20260708085318_584cbf5c", "caller":"/mnt/c/Users/Admin/Downloads/Project/Github/ETL_Project/scripts/deploy_full_pipeline.py:611"}
{"time":"2026-07-08T15:53:19", "level":"INFO", "name":"polars_engine", "message":"[BronzeIngester:HNX:market_list_hnx] Start processing 1 records.", "caller":"/mnt/c/Users/Admin/Downloads/Project/Github/ETL_Project/scripts/deploy_full_pipeline.py:314"}
{"time":"2026-07-08T15:53:19", "level":"WARNING", "name":"polars_engine", "message":"[BronzeIngester:HNX:market_list_hnx] No records passed DQ checks.", "caller":"/mnt/c/Users/Admin/Downloads/Project/Github/ETL_Project/scripts/deploy_full_pipeline.py:331"}
{"time":"2026-07-08T15:53:19", "level":"INFO", "name":"__main__", "message":"[LINEAGE] external.cophieu68_market_list_hnx_HNX -> bronze.bronze_market_list_hnx | op=APPEND | rows=0", "caller":"/mnt/c/Users/Admin/Downloads/Project/Github/ETL_Project/platforms/processing/base_processing_subsystem/subsystem34_metadata_repo.py:372"}
{"time":"2026-07-08T15:53:19", "level":"INFO", "name":"__main__", "message":"[BronzeExecutor] Processing table=market_list_upcom for symbol=UPCOM batch_id=batch_UPCOM_20260708085319_5f617a25", "caller":"/mnt/c/Users/Admin/Downloads/Project/Github/ETL_Project/scripts/deploy_full_pipeline.py:611"}
{"time":"2026-07-08T15:53:20", "level":"INFO", "name":"polars_engine", "message":"[BronzeIngester:UPCOM:market_list_upcom] Start processing 1 records.", "caller":"/mnt/c/Users/Admin/Downloads/Project/Github/ETL_Project/scripts/deploy_full_pipeline.py:314"}
{"time":"2026-07-08T15:53:20", "level":"WARNING", "name":"polars_engine", "message":"[BronzeIngester:UPCOM:market_list_upcom] No records passed DQ checks.", "caller":"/mnt/c/Users/Admin/Downloads/Project/Github/ETL_Project/scripts/deploy_full_pipeline.py:331"}
{"time":"2026-07-08T15:53:20", "level":"INFO", "name":"__main__", "message":"[LINEAGE] external.cophieu68_market_list_upcom_UPCOM -> bronze.bronze_market_list_upcom | op=APPEND | rows=0", "caller":"/mnt/c/Users/Admin/Downloads/Project/Github/ETL_Project/platforms/processing/base_processing_subsystem/subsystem34_metadata_repo.py:372"}
{"time":"2026-07-08T15:53:20", "level":"INFO", "name":"__main__", "message":"[BronzeExecutor] Processing table=market_list_vn30 for symbol=VN30 batch_id=batch_VN30_20260708085320_1a71b1d9", "caller":"/mnt/c/Users/Admin/Downloads/Project/Github/ETL_Project/scripts/deploy_full_pipeline.py:611"}
{"time":"2026-07-08T15:53:21", "level":"INFO", "name":"polars_engine", "message":"[BronzeIngester:VN30:market_list_vn30] Start processing 1 records.", "caller":"/mnt/c/Users/Admin/Downloads/Project/Github/ETL_Project/scripts/deploy_full_pipeline.py:314"}
{"time":"2026-07-08T15:53:21", "level":"WARNING", "name":"polars_engine", "message":"[BronzeIngester:VN30:market_list_vn30] No records passed DQ checks.", "caller":"/mnt/c/Users/Admin/Downloads/Project/Github/ETL_Project/scripts/deploy_full_pipeline.py:331"}
{"time":"2026-07-08T15:53:21", "level":"INFO", "name":"__main__", "message":"[LINEAGE] external.cophieu68_market_list_vn30_VN30 -> bronze.bronze_market_list_vn30 | op=APPEND | rows=0", "caller":"/mnt/c/Users/Admin/Downloads/Project/Github/ETL_Project/platforms/processing/base_processing_subsystem/subsystem34_metadata_repo.py:372"}
{"time":"2026-07-08T15:53:21", "level":"INFO", "name":"__main__", "message":"[BronzeExecutor] Crawling industry information for all types.", "caller":"/mnt/c/Users/Admin/Downloads/Project/Github/ETL_Project/scripts/deploy_full_pipeline.py:562"}
{"time":"2026-07-08T15:53:21", "level":"INFO", "name":"__main__", "message":"[BronzeExecutor] Processing table=industry_info_summary_info for symbol=SUMMARY_INFO batch_id=batch_SUMMARY_INFO_20260708085321_7276f331", "caller":"/mnt/c/Users/Admin/Downloads/Project/Github/ETL_Project/scripts/deploy_full_pipeline.py:611"}
{"time":"2026-07-08T15:53:22", "level":"INFO", "name":"extractor", "message":"Extract_successfull industry_info for type summary_info", "caller":"/mnt/c/Users/Admin/Downloads/Project/Github/ETL_Project/platforms/ingestion/cophieu68/extract/extract_cophieu68.py:442"}
{"time":"2026-07-08T15:53:22", "level":"INFO", "name":"polars_engine", "message":"[BronzeIngester:SUMMARY_INFO:industry_info_summary_info] Start processing 1 records.", "caller":"/mnt/c/Users/Admin/Downloads/Project/Github/ETL_Project/scripts/deploy_full_pipeline.py:314"}
{"time":"2026-07-08T15:53:22", "level":"WARNING", "name":"polars_engine", "message":"[BronzeIngester:SUMMARY_INFO:industry_info_summary_info] No records passed DQ checks.", "caller":"/mnt/c/Users/Admin/Downloads/Project/Github/ETL_Project/scripts/deploy_full_pipeline.py:331"}
{"time":"2026-07-08T15:53:22", "level":"INFO", "name":"__main__", "message":"[LINEAGE] external.cophieu68_industry_info_summary_info_SUMMARY_INFO -> bronze.bronze_industry_info_summary_info | op=APPEND | rows=0", "caller":"/mnt/c/Users/Admin/Downloads/Project/Github/ETL_Project/platforms/processing/base_processing_subsystem/subsystem34_metadata_repo.py:372"}
{"time":"2026-07-08T15:53:22", "level":"INFO", "name":"__main__", "message":"[BronzeExecutor] Processing table=industry_info_financial_info for symbol=FINANCIAL_INFO batch_id=batch_FINANCIAL_INFO_20260708085322_f135f9ac", "caller":"/mnt/c/Users/Admin/Downloads/Project/Github/ETL_Project/scripts/deploy_full_pipeline.py:611"}
{"time":"2026-07-08T15:53:22", "level":"INFO", "name":"extractor", "message":"Extract_successfull industry_info for type financial_info", "caller":"/mnt/c/Users/Admin/Downloads/Project/Github/ETL_Project/platforms/ingestion/cophieu68/extract/extract_cophieu68.py:442"}
{"time":"2026-07-08T15:53:22", "level":"INFO", "name":"polars_engine", "message":"[BronzeIngester:FINANCIAL_INFO:industry_info_financial_info] Start processing 1 records.", "caller":"/mnt/c/Users/Admin/Downloads/Project/Github/ETL_Project/scripts/deploy_full_pipeline.py:314"}
{"time":"2026-07-08T15:53:22", "level":"WARNING", "name":"polars_engine", "message":"[BronzeIngester:FINANCIAL_INFO:industry_info_financial_info] No records passed DQ checks.", "caller":"/mnt/c/Users/Admin/Downloads/Project/Github/ETL_Project/scripts/deploy_full_pipeline.py:331"}
{"time":"2026-07-08T15:53:22", "level":"INFO", "name":"__main__", "message":"[LINEAGE] external.cophieu68_industry_info_financial_info_FINANCIAL_INFO -> bronze.bronze_industry_info_financial_info | op=APPEND | rows=0", "caller":"/mnt/c/Users/Admin/Downloads/Project/Github/ETL_Project/platforms/processing/base_processing_subsystem/subsystem34_metadata_repo.py:372"}
{"time":"2026-07-08T15:53:22", "level":"INFO", "name":"__main__", "message":"[BronzeExecutor] Processing table=industry_info_fund_info for symbol=FUND_INFO batch_id=batch_FUND_INFO_20260708085322_f5fc7ef2", "caller":"/mnt/c/Users/Admin/Downloads/Project/Github/ETL_Project/scripts/deploy_full_pipeline.py:611"}
{"time":"2026-07-08T15:53:23", "level":"INFO", "name":"extractor", "message":"Extract_successfull industry_info for type fund_info", "caller":"/mnt/c/Users/Admin/Downloads/Project/Github/ETL_Project/platforms/ingestion/cophieu68/extract/extract_cophieu68.py:442"}
{"time":"2026-07-08T15:53:23", "level":"INFO", "name":"polars_engine", "message":"[BronzeIngester:FUND_INFO:industry_info_fund_info] Start processing 1 records.", "caller":"/mnt/c/Users/Admin/Downloads/Project/Github/ETL_Project/scripts/deploy_full_pipeline.py:314"}
{"time":"2026-07-08T15:53:23", "level":"WARNING", "name":"polars_engine", "message":"[BronzeIngester:FUND_INFO:industry_info_fund_info] No records passed DQ checks.", "caller":"/mnt/c/Users/Admin/Downloads/Project/Github/ETL_Project/scripts/deploy_full_pipeline.py:331"}
{"time":"2026-07-08T15:53:23", "level":"INFO", "name":"__main__", "message":"[LINEAGE] external.cophieu68_industry_info_fund_info_FUND_INFO -> bronze.bronze_industry_info_fund_info | op=APPEND | rows=0", "caller":"/mnt/c/Users/Admin/Downloads/Project/Github/ETL_Project/platforms/processing/base_processing_subsystem/subsystem34_metadata_repo.py:372"}
{"time":"2026-07-08T15:53:23", "level":"INFO", "name":"__main__", "message":"[BronzeExecutor] Crawling general company information.", "caller":"/mnt/c/Users/Admin/Downloads/Project/Github/ETL_Project/scripts/deploy_full_pipeline.py:573"}
{"time":"2026-07-08T15:53:23", "level":"INFO", "name":"__main__", "message":"[BronzeExecutor] Processing table=company_by_industry for symbol=ALL batch_id=batch_ALL_20260708085323_94181eb8", "caller":"/mnt/c/Users/Admin/Downloads/Project/Github/ETL_Project/scripts/deploy_full_pipeline.py:611"}
{"time":"2026-07-08T15:53:41", "level":"INFO", "name":"extractor", "message":"Extract successfull company_info_belong_to_industry_sectors", "caller":"/mnt/c/Users/Admin/Downloads/Project/Github/ETL_Project/platforms/ingestion/cophieu68/extract/extract_cophieu68.py:331"}
{"time":"2026-07-08T15:53:41", "level":"INFO", "name":"polars_engine", "message":"[BronzeIngester:ALL:company_by_industry] Start processing 916 records.", "caller":"/mnt/c/Users/Admin/Downloads/Project/Github/ETL_Project/scripts/deploy_full_pipeline.py:314"}
{"time":"2026-07-08T15:53:41", "level":"WARNING", "name":"polars_engine", "message":"[BronzeIngester:ALL:company_by_industry] No records passed DQ checks.", "caller":"/mnt/c/Users/Admin/Downloads/Project/Github/ETL_Project/scripts/deploy_full_pipeline.py:331"}
{"time":"2026-07-08T15:53:41", "level":"INFO", "name":"__main__", "message":"[LINEAGE] external.cophieu68_company_by_industry_ALL -> bronze.bronze_company_by_industry | op=APPEND | rows=0", "caller":"/mnt/c/Users/Admin/Downloads/Project/Github/ETL_Project/platforms/processing/base_processing_subsystem/subsystem34_metadata_repo.py:372"}
{"time":"2026-07-08T15:53:41", "level":"INFO", "name":"__main__", "message":"[BronzeExecutor] Processing table=company_by_market for symbol=ALL batch_id=batch_ALL_20260708085341_0be928c7", "caller":"/mnt/c/Users/Admin/Downloads/Project/Github/ETL_Project/scripts/deploy_full_pipeline.py:611"}
{"time":"2026-07-08T15:53:45", "level":"INFO", "name":"extractor", "message":"Extract successfull company_info_belong_to_market_type", "caller":"/mnt/c/Users/Admin/Downloads/Project/Github/ETL_Project/platforms/ingestion/cophieu68/extract/extract_cophieu68.py:360"}
{"time":"2026-07-08T15:53:45", "level":"INFO", "name":"polars_engine", "message":"[BronzeIngester:ALL:company_by_market] Start processing 1496 records.", "caller":"/mnt/c/Users/Admin/Downloads/Project/Github/ETL_Project/scripts/deploy_full_pipeline.py:314"}
{"time":"2026-07-08T15:53:45", "level":"WARNING", "name":"polars_engine", "message":"[BronzeIngester:ALL:company_by_market] No records passed DQ checks.", "caller":"/mnt/c/Users/Admin/Downloads/Project/Github/ETL_Project/scripts/deploy_full_pipeline.py:331"}
{"time":"2026-07-08T15:53:45", "level":"INFO", "name":"__main__", "message":"[LINEAGE] external.cophieu68_company_by_market_ALL -> bronze.bronze_company_by_market | op=APPEND | rows=0", "caller":"/mnt/c/Users/Admin/Downloads/Project/Github/ETL_Project/platforms/processing/base_processing_subsystem/subsystem34_metadata_repo.py:372"}
{"time":"2026-07-08T15:53:45", "level":"INFO", "name":"__main__", "message":"[BronzeExecutor] Executing tasks for symbol=HPG", "caller":"/mnt/c/Users/Admin/Downloads/Project/Github/ETL_Project/scripts/deploy_full_pipeline.py:589"}
{"time":"2026-07-08T15:53:45", "level":"INFO", "name":"__main__", "message":"[BronzeExecutor] Processing table=trading_data for symbol=HPG batch_id=batch_HPG_20260708085345_1a023717", "caller":"/mnt/c/Users/Admin/Downloads/Project/Github/ETL_Project/scripts/deploy_full_pipeline.py:611"}
{"time":"2026-07-08T15:53:46", "level":"INFO", "name":"polars_engine", "message":"[BronzeIngester:HPG:trading_data] Start processing 101 records.", "caller":"/mnt/c/Users/Admin/Downloads/Project/Github/ETL_Project/scripts/deploy_full_pipeline.py:314"}
{"time":"2026-07-08T15:53:46", "level":"INFO", "name":"polars_engine", "message":"💾 Ghi dữ liệu tới: s3a://lakehouse/bronze/trading_data/ (Partition: ['ingest_date'])", "caller":"/mnt/c/Users/Admin/Downloads/Project/Github/ETL_Project/platforms/processing/polars/polars_engine.py:53"}
{"time":"2026-07-08T15:53:46", "level":"ERROR", "name":"__main__", "message":"[BronzeExecutor] Error for table=trading_data, symbol=HPG: "ingest_date" not found", "caller":"/mnt/c/Users/Admin/Downloads/Project/Github/ETL_Project/scripts/deploy_full_pipeline.py:689"}
Traceback (most recent call last):
  File "/mnt/c/Users/Admin/Downloads/Project/Github/ETL_Project/scripts/deploy_full_pipeline.py", line 654, in _process_and_ingest
    ingestion_result = bronze_ingester.process(raw_records, batch_id, self.context.run_id, symbol, cleansing)
                       ^^^^^^^^^^^^^^^^^^^^^^^^^^^^^^^^^^^^^^^^^^^^^^^^^^^^^^^^^^^^^^^^^^^^^^^^^^^^^^^^^^^^^^
  File "/mnt/c/Users/Admin/Downloads/Project/Github/ETL_Project/scripts/deploy_full_pipeline.py", line 352, in process
    saved_path = self.engine.write_parquet(
                 ^^^^^^^^^^^^^^^^^^^^^^^^^^
  File "/mnt/c/Users/Admin/Downloads/Project/Github/ETL_Project/platforms/processing/polars/polars_engine.py", line 59, in write_parquet
    df.write_parquet(
  File "/home/hungpham/ds_env/lib/python3.11/site-packages/polars/dataframe/frame.py", line 3662, in write_parquet
    self._df.write_parquet(
polars.exceptions.ColumnNotFoundError: "ingest_date" not found
{"time":"2026-07-08T15:53:46", "level":"INFO", "name":"__main__", "message":"[BronzeExecutor] Processing table=company_profile for symbol=HPG batch_id=batch_HPG_20260708085346_189506a3", "caller":"/mnt/c/Users/Admin/Downloads/Project/Github/ETL_Project/scripts/deploy_full_pipeline.py:611"}
{"time":"2026-07-08T15:53:46", "level":"WARNING", "name":"__main__", "message":"[BronzeExecutor] Data for company_profile/HPG could not be normalized to records.", "caller":"/mnt/c/Users/Admin/Downloads/Project/Github/ETL_Project/scripts/deploy_full_pipeline.py:643"}
{"time":"2026-07-08T15:53:46", "level":"INFO", "name":"__main__", "message":"[BronzeExecutor] Processing table=financial_ratios for symbol=HPG batch_id=batch_HPG_20260708085346_8afd154e", "caller":"/mnt/c/Users/Admin/Downloads/Project/Github/ETL_Project/scripts/deploy_full_pipeline.py:611"}
{"time":"2026-07-08T15:53:47", "level":"INFO", "name":"extractor", "message":"Extract_successfull financial_ratios for HPG", "caller":"/mnt/c/Users/Admin/Downloads/Project/Github/ETL_Project/platforms/ingestion/cophieu68/extract/extract_cophieu68.py:528"}
{"time":"2026-07-08T15:53:47", "level":"INFO", "name":"polars_engine", "message":"[BronzeIngester:HPG:financial_ratios] Start processing 1 records.", "caller":"/mnt/c/Users/Admin/Downloads/Project/Github/ETL_Project/scripts/deploy_full_pipeline.py:314"}
{"time":"2026-07-08T15:53:47", "level":"WARNING", "name":"polars_engine", "message":"[BronzeIngester:HPG:financial_ratios] No records passed DQ checks.", "caller":"/mnt/c/Users/Admin/Downloads/Project/Github/ETL_Project/scripts/deploy_full_pipeline.py:331"}
{"time":"2026-07-08T15:53:47", "level":"INFO", "name":"__main__", "message":"[LINEAGE] external.cophieu68_financial_ratios_HPG -> bronze.bronze_financial_ratios | op=APPEND | rows=0", "caller":"/mnt/c/Users/Admin/Downloads/Project/Github/ETL_Project/platforms/processing/base_processing_subsystem/subsystem34_metadata_repo.py:372"}
{"time":"2026-07-08T15:53:47", "level":"INFO", "name":"__main__", "message":"[BronzeExecutor] Processing table=financial_summary for symbol=HPG batch_id=batch_HPG_20260708085347_021cc054", "caller":"/mnt/c/Users/Admin/Downloads/Project/Github/ETL_Project/scripts/deploy_full_pipeline.py:611"}
{"time":"2026-07-08T15:53:48", "level":"INFO", "name":"extractor", "message":"extract_succcessfull financial_report_summary HPG", "caller":"/mnt/c/Users/Admin/Downloads/Project/Github/ETL_Project/platforms/ingestion/cophieu68/extract/extract_cophieu68.py:120"}
{"time":"2026-07-08T15:53:48", "level":"INFO", "name":"polars_engine", "message":"[BronzeIngester:HPG:financial_summary] Start processing 1 records.", "caller":"/mnt/c/Users/Admin/Downloads/Project/Github/ETL_Project/scripts/deploy_full_pipeline.py:314"}
{"time":"2026-07-08T15:53:48", "level":"WARNING", "name":"polars_engine", "message":"[BronzeIngester:HPG:financial_summary] No records passed DQ checks.", "caller":"/mnt/c/Users/Admin/Downloads/Project/Github/ETL_Project/scripts/deploy_full_pipeline.py:331"}
{"time":"2026-07-08T15:53:48", "level":"INFO", "name":"__main__", "message":"[LINEAGE] external.cophieu68_financial_summary_HPG -> bronze.bronze_financial_summary | op=APPEND | rows=0", "caller":"/mnt/c/Users/Admin/Downloads/Project/Github/ETL_Project/platforms/processing/base_processing_subsystem/subsystem34_metadata_repo.py:372"}
{"time":"2026-07-08T15:53:48", "level":"INFO", "name":"__main__", "message":"[BronzeExecutor] Processing table=business_plan for symbol=HPG batch_id=batch_HPG_20260708085348_71d1d5fb", "caller":"/mnt/c/Users/Admin/Downloads/Project/Github/ETL_Project/scripts/deploy_full_pipeline.py:611"}
{"time":"2026-07-08T15:53:48", "level":"INFO", "name":"extractor", "message":"extract_successfull business_plan HPG", "caller":"/mnt/c/Users/Admin/Downloads/Project/Github/ETL_Project/platforms/ingestion/cophieu68/extract/extract_cophieu68.py:174"}
{"time":"2026-07-08T15:53:48", "level":"INFO", "name":"polars_engine", "message":"[BronzeIngester:HPG:business_plan] Start processing 1 records.", "caller":"/mnt/c/Users/Admin/Downloads/Project/Github/ETL_Project/scripts/deploy_full_pipeline.py:314"}
{"time":"2026-07-08T15:53:48", "level":"WARNING", "name":"polars_engine", "message":"[BronzeIngester:HPG:business_plan] No records passed DQ checks.", "caller":"/mnt/c/Users/Admin/Downloads/Project/Github/ETL_Project/scripts/deploy_full_pipeline.py:331"}
{"time":"2026-07-08T15:53:48", "level":"INFO", "name":"__main__", "message":"[LINEAGE] external.cophieu68_business_plan_HPG -> bronze.bronze_business_plan | op=APPEND | rows=0", "caller":"/mnt/c/Users/Admin/Downloads/Project/Github/ETL_Project/platforms/processing/base_processing_subsystem/subsystem34_metadata_repo.py:372"}
{"time":"2026-07-08T15:53:48", "level":"INFO", "name":"__main__", "message":"[BronzeExecutor] Processing table=income_statement_quarterly for symbol=HPG batch_id=batch_HPG_20260708085348_d18dde89", "caller":"/mnt/c/Users/Admin/Downloads/Project/Github/ETL_Project/scripts/deploy_full_pipeline.py:611"}
{"time":"2026-07-08T15:53:49", "level":"INFO", "name":"extractor", "message":"Extract_successfull details_financial_report {symbol}", "caller":"/mnt/c/Users/Admin/Downloads/Project/Github/ETL_Project/platforms/ingestion/cophieu68/extract/extract_cophieu68.py:259"}
{"time":"2026-07-08T15:53:49", "level":"INFO", "name":"extractor", "message":"Extract_successfull details_income_statement HPG", "caller":"/mnt/c/Users/Admin/Downloads/Project/Github/ETL_Project/platforms/ingestion/cophieu68/extract/extract_cophieu68.py:279"}
{"time":"2026-07-08T15:53:49", "level":"INFO", "name":"polars_engine", "message":"[BronzeIngester:HPG:income_statement_quarterly] Start processing 1 records.", "caller":"/mnt/c/Users/Admin/Downloads/Project/Github/ETL_Project/scripts/deploy_full_pipeline.py:314"}
{"time":"2026-07-08T15:53:49", "level":"WARNING", "name":"polars_engine", "message":"[BronzeIngester:HPG:income_statement_quarterly] No records passed DQ checks.", "caller":"/mnt/c/Users/Admin/Downloads/Project/Github/ETL_Project/scripts/deploy_full_pipeline.py:331"}
{"time":"2026-07-08T15:53:49", "level":"INFO", "name":"__main__", "message":"[LINEAGE] external.cophieu68_income_statement_quarterly_HPG -> bronze.bronze_income_statement_quarterly | op=APPEND | rows=0", "caller":"/mnt/c/Users/Admin/Downloads/Project/Github/ETL_Project/platforms/processing/base_processing_subsystem/subsystem34_metadata_repo.py:372"}
{"time":"2026-07-08T15:53:49", "level":"INFO", "name":"__main__", "message":"[BronzeExecutor] Processing table=balance_sheet_quarterly for symbol=HPG batch_id=batch_HPG_20260708085349_1dd3394e", "caller":"/mnt/c/Users/Admin/Downloads/Project/Github/ETL_Project/scripts/deploy_full_pipeline.py:611"}
{"time":"2026-07-08T15:53:50", "level":"INFO", "name":"extractor", "message":"Extract_successfull details_financial_report {symbol}", "caller":"/mnt/c/Users/Admin/Downloads/Project/Github/ETL_Project/platforms/ingestion/cophieu68/extract/extract_cophieu68.py:259"}
{"time":"2026-07-08T15:53:50", "level":"INFO", "name":"extractor", "message":"Extract_successfull details_balance_sheet HPG", "caller":"/mnt/c/Users/Admin/Downloads/Project/Github/ETL_Project/platforms/ingestion/cophieu68/extract/extract_cophieu68.py:298"}
{"time":"2026-07-08T15:53:50", "level":"INFO", "name":"polars_engine", "message":"[BronzeIngester:HPG:balance_sheet_quarterly] Start processing 1 records.", "caller":"/mnt/c/Users/Admin/Downloads/Project/Github/ETL_Project/scripts/deploy_full_pipeline.py:314"}
{"time":"2026-07-08T15:53:50", "level":"WARNING", "name":"polars_engine", "message":"[BronzeIngester:HPG:balance_sheet_quarterly] No records passed DQ checks.", "caller":"/mnt/c/Users/Admin/Downloads/Project/Github/ETL_Project/scripts/deploy_full_pipeline.py:331"}
{"time":"2026-07-08T15:53:50", "level":"INFO", "name":"__main__", "message":"[LINEAGE] external.cophieu68_balance_sheet_quarterly_HPG -> bronze.bronze_balance_sheet_quarterly | op=APPEND | rows=0", "caller":"/mnt/c/Users/Admin/Downloads/Project/Github/ETL_Project/platforms/processing/base_processing_subsystem/subsystem34_metadata_repo.py:372"}
{"time":"2026-07-08T15:53:50", "level":"INFO", "name":"__main__", "message":"[BronzeExecutor] Processing table=income_statement_annually for symbol=HPG batch_id=batch_HPG_20260708085350_b8723069", "caller":"/mnt/c/Users/Admin/Downloads/Project/Github/ETL_Project/scripts/deploy_full_pipeline.py:611"}
{"time":"2026-07-08T15:53:51", "level":"INFO", "name":"extractor", "message":"Extract_successfull details_financial_report {symbol}", "caller":"/mnt/c/Users/Admin/Downloads/Project/Github/ETL_Project/platforms/ingestion/cophieu68/extract/extract_cophieu68.py:259"}
{"time":"2026-07-08T15:53:51", "level":"INFO", "name":"extractor", "message":"Extract_successfull details_income_statement HPG", "caller":"/mnt/c/Users/Admin/Downloads/Project/Github/ETL_Project/platforms/ingestion/cophieu68/extract/extract_cophieu68.py:279"}
{"time":"2026-07-08T15:53:51", "level":"INFO", "name":"polars_engine", "message":"[BronzeIngester:HPG:income_statement_annually] Start processing 1 records.", "caller":"/mnt/c/Users/Admin/Downloads/Project/Github/ETL_Project/scripts/deploy_full_pipeline.py:314"}
{"time":"2026-07-08T15:53:51", "level":"WARNING", "name":"polars_engine", "message":"[BronzeIngester:HPG:income_statement_annually] No records passed DQ checks.", "caller":"/mnt/c/Users/Admin/Downloads/Project/Github/ETL_Project/scripts/deploy_full_pipeline.py:331"}
{"time":"2026-07-08T15:53:51", "level":"INFO", "name":"__main__", "message":"[LINEAGE] external.cophieu68_income_statement_annually_HPG -> bronze.bronze_income_statement_annually | op=APPEND | rows=0", "caller":"/mnt/c/Users/Admin/Downloads/Project/Github/ETL_Project/platforms/processing/base_processing_subsystem/subsystem34_metadata_repo.py:372"}
{"time":"2026-07-08T15:53:51", "level":"INFO", "name":"__main__", "message":"[BronzeExecutor] Processing table=balance_sheet_annually for symbol=HPG batch_id=batch_HPG_20260708085351_c6fe5acd", "caller":"/mnt/c/Users/Admin/Downloads/Project/Github/ETL_Project/scripts/deploy_full_pipeline.py:611"}
{"time":"2026-07-08T15:53:52", "level":"INFO", "name":"extractor", "message":"Extract_successfull details_financial_report {symbol}", "caller":"/mnt/c/Users/Admin/Downloads/Project/Github/ETL_Project/platforms/ingestion/cophieu68/extract/extract_cophieu68.py:259"}
{"time":"2026-07-08T15:53:52", "level":"INFO", "name":"extractor", "message":"Extract_successfull details_balance_sheet HPG", "caller":"/mnt/c/Users/Admin/Downloads/Project/Github/ETL_Project/platforms/ingestion/cophieu68/extract/extract_cophieu68.py:298"}
{"time":"2026-07-08T15:53:52", "level":"INFO", "name":"polars_engine", "message":"[BronzeIngester:HPG:balance_sheet_annually] Start processing 1 records.", "caller":"/mnt/c/Users/Admin/Downloads/Project/Github/ETL_Project/scripts/deploy_full_pipeline.py:314"}
{"time":"2026-07-08T15:53:52", "level":"WARNING", "name":"polars_engine", "message":"[BronzeIngester:HPG:balance_sheet_annually] No records passed DQ checks.", "caller":"/mnt/c/Users/Admin/Downloads/Project/Github/ETL_Project/scripts/deploy_full_pipeline.py:331"}
{"time":"2026-07-08T15:53:52", "level":"INFO", "name":"__main__", "message":"[LINEAGE] external.cophieu68_balance_sheet_annually_HPG -> bronze.bronze_balance_sheet_annually | op=APPEND | rows=0", "caller":"/mnt/c/Users/Admin/Downloads/Project/Github/ETL_Project/platforms/processing/base_processing_subsystem/subsystem34_metadata_repo.py:372"}
{"time":"2026-07-08T15:53:52", "level":"INFO", "name":"__main__", "message":"[BronzeExecutor] Processing table=match_details for symbol=HPG batch_id=batch_HPG_20260708085352_f3532a80", "caller":"/mnt/c/Users/Admin/Downloads/Project/Github/ETL_Project/scripts/deploy_full_pipeline.py:611"}
{"time":"2026-07-08T15:53:53", "level":"INFO", "name":"extractor", "message":"extract_successfull details_match {symbol}", "caller":"/mnt/c/Users/Admin/Downloads/Project/Github/ETL_Project/platforms/ingestion/cophieu68/extract/extract_cophieu68.py:219"}
{"time":"2026-07-08T15:53:53", "level":"INFO", "name":"polars_engine", "message":"[BronzeIngester:HPG:match_details] Start processing 1 records.", "caller":"/mnt/c/Users/Admin/Downloads/Project/Github/ETL_Project/scripts/deploy_full_pipeline.py:314"}
{"time":"2026-07-08T15:53:53", "level":"WARNING", "name":"polars_engine", "message":"[BronzeIngester:HPG:match_details] No records passed DQ checks.", "caller":"/mnt/c/Users/Admin/Downloads/Project/Github/ETL_Project/scripts/deploy_full_pipeline.py:331"}
{"time":"2026-07-08T15:53:53", "level":"INFO", "name":"__main__", "message":"[LINEAGE] external.cophieu68_match_details_HPG -> bronze.bronze_match_details | op=APPEND | rows=0", "caller":"/mnt/c/Users/Admin/Downloads/Project/Github/ETL_Project/platforms/processing/base_processing_subsystem/subsystem34_metadata_repo.py:372"}
{"time":"2026-07-08T15:53:53", "level":"INFO", "name":"__main__", "message":"[BronzeExecutor] Completed bronze phase: rows_ingested=0", "caller":"/mnt/c/Users/Admin/Downloads/Project/Github/ETL_Project/scripts/deploy_full_pipeline.py:543"}
{"time":"2026-07-08T15:53:53", "level":"INFO", "name":"__main__", "message":"[RUN END] run_id=run_20260708_085316_c92e68 | status=SUCCESS | duration=36.2s | rows_read=None | rows_written=None", "caller":"/mnt/c/Users/Admin/Downloads/Project/Github/ETL_Project/platforms/processing/base_processing_subsystem/subsystem34_metadata_repo.py:183"}
{"time":"2026-07-08T15:53:53", "level":"INFO", "name":"__main__", "message":"
======================================================================
  ETL Run Summary: run_20260708_085316_c92e68
======================================================================
  Job:           master_etl_bronze
  Layer:         bronze -> all_tables
  Status:        SUCCESS
  Start:         2026-07-08 08:53:16.852532+00:00
  End:           2026-07-08 08:53:53.080104+00:00
  Duration:      36.2s
  Rows Read:     0
  Rows Written:  0

  Data Lineage (17 transformations):
    external.cophieu68_market_list_vnindex_VNINDEX --[APPEND]--> bronze.bronze_market_list_vnindex (0 rows)
    external.cophieu68_market_list_hnx_HNX --[APPEND]--> bronze.bronze_market_list_hnx (0 rows)
    external.cophieu68_market_list_upcom_UPCOM --[APPEND]--> bronze.bronze_market_list_upcom (0 rows)
    external.cophieu68_market_list_vn30_VN30 --[APPEND]--> bronze.bronze_market_list_vn30 (0 rows)
    external.cophieu68_industry_info_summary_info_SUMMARY_INFO --[APPEND]--> bronze.bronze_industry_info_summary_info (0 rows)
    external.cophieu68_industry_info_financial_info_FINANCIAL_INFO --[APPEND]--> bronze.bronze_industry_info_financial_info (0 rows)
    external.cophieu68_industry_info_fund_info_FUND_INFO --[APPEND]--> bronze.bronze_industry_info_fund_info (0 rows)
    external.cophieu68_company_by_industry_ALL --[APPEND]--> bronze.bronze_company_by_industry (0 rows)
    external.cophieu68_company_by_market_ALL --[APPEND]--> bronze.bronze_company_by_market (0 rows)
    external.cophieu68_financial_ratios_HPG --[APPEND]--> bronze.bronze_financial_ratios (0 rows)
    external.cophieu68_financial_summary_HPG --[APPEND]--> bronze.bronze_financial_summary (0 rows)
    external.cophieu68_business_plan_HPG --[APPEND]--> bronze.bronze_business_plan (0 rows)
    external.cophieu68_income_statement_quarterly_HPG --[APPEND]--> bronze.bronze_income_statement_quarterly (0 rows)
    external.cophieu68_balance_sheet_quarterly_HPG --[APPEND]--> bronze.bronze_balance_sheet_quarterly (0 rows)
    external.cophieu68_income_statement_annually_HPG --[APPEND]--> bronze.bronze_income_statement_annually (0 rows)
    external.cophieu68_balance_sheet_annually_HPG --[APPEND]--> bronze.bronze_balance_sheet_annually (0 rows)
    external.cophieu68_match_details_HPG --[APPEND]--> bronze.bronze_match_details (0 rows)
======================================================================
", "caller":"/mnt/c/Users/Admin/Downloads/Project/Github/ETL_Project/platforms/processing/base_processing_subsystem/subsystem34_metadata_repo.py:462"}
{"time":"2026-07-08T15:53:53", "level":"INFO", "name":"root", "message":"Shutting down the event dispatcher", "caller":"/home/hungpham/ds_env/lib/python3.11/site-packages/sqlmesh/core/analytics/dispatcher.py:159"}
